Component: ARM Compiler 5.06 update 1 (build 61) Tool: armlink [4d35a8]

==============================================================================

Section Cross References

    startup_stm32f407xx.o(RESET) refers to startup_stm32f407xx.o(STACK) for __initial_sp
    startup_stm32f407xx.o(RESET) refers to startup_stm32f407xx.o(.text) for Reset_Handler
    startup_stm32f407xx.o(RESET) refers to stm32f4xx_it.o(i.SysTick_Handler) for SysTick_Handler
    startup_stm32f407xx.o(RESET) refers to stm32f4xx_it.o(i.FLASH_IRQHandler) for FLASH_IRQHandler
    startup_stm32f407xx.o(RESET) refers to stm32f4xx_it.o(i.OTG_HS_IRQHandler) for OTG_HS_IRQHandler
    startup_stm32f407xx.o(.text) refers to system_stm32f4xx.o(i.SystemInit) for SystemInit
    startup_stm32f407xx.o(.text) refers to entry.o(.ARM.Collect$$$$00000000) for __main
    diskio.o(i.disk_initialize) refers to ff_gen_drv.o(.bss) for disk
    diskio.o(i.disk_ioctl) refers to ff_gen_drv.o(.bss) for disk
    diskio.o(i.disk_read) refers to ff_gen_drv.o(.bss) for disk
    diskio.o(i.disk_status) refers to ff_gen_drv.o(.bss) for disk
    diskio.o(i.disk_write) refers to ff_gen_drv.o(.bss) for disk
    ff_gen_drv.o(i.FATFS_GetAttachedDriversNbr) refers to ff_gen_drv.o(.bss) for .bss
    ff_gen_drv.o(i.FATFS_LinkDriver) refers to ff_gen_drv.o(i.FATFS_LinkDriverEx) for FATFS_LinkDriverEx
    ff_gen_drv.o(i.FATFS_LinkDriverEx) refers to ff_gen_drv.o(.bss) for .bss
    ff_gen_drv.o(i.FATFS_UnLinkDriver) refers to ff_gen_drv.o(i.FATFS_UnLinkDriverEx) for FATFS_UnLinkDriverEx
    ff_gen_drv.o(i.FATFS_UnLinkDriverEx) refers to ff_gen_drv.o(.bss) for .bss
    ff.o(i.check_fs) refers to ff.o(i.move_window) for move_window
    ff.o(i.chk_lock) refers to ff.o(.bss) for .bss
    ff.o(i.clear_lock) refers to ff.o(.bss) for .bss
    ff.o(i.create_chain) refers to ff.o(i.get_fat) for get_fat
    ff.o(i.create_chain) refers to ff.o(i.put_fat) for put_fat
    ff.o(i.create_name) refers to ff.o(i.mem_set) for mem_set
    ff.o(i.create_name) refers to ff.o(.constdata) for .constdata
    ff.o(i.dec_lock) refers to ff.o(.bss) for .bss
    ff.o(i.dir_next) refers to ff.o(i.get_fat) for get_fat
    ff.o(i.dir_next) refers to ff.o(i.create_chain) for create_chain
    ff.o(i.dir_next) refers to ff.o(i.sync_window) for sync_window
    ff.o(i.dir_next) refers to ff.o(i.mem_set) for mem_set
    ff.o(i.dir_next) refers to ff.o(i.clust2sect) for clust2sect
    ff.o(i.dir_read) refers to ff.o(i.move_window) for move_window
    ff.o(i.dir_read) refers to ff.o(i.dir_next) for dir_next
    ff.o(i.dir_register) refers to ff.o(i.dir_sdi) for dir_sdi
    ff.o(i.dir_register) refers to ff.o(i.move_window) for move_window
    ff.o(i.dir_register) refers to ff.o(i.dir_next) for dir_next
    ff.o(i.dir_register) refers to ff.o(i.mem_set) for mem_set
    ff.o(i.dir_register) refers to ff.o(i.mem_cpy) for mem_cpy
    ff.o(i.dir_remove) refers to ff.o(i.dir_sdi) for dir_sdi
    ff.o(i.dir_remove) refers to ff.o(i.move_window) for move_window
    ff.o(i.dir_remove) refers to ff.o(i.mem_set) for mem_set
    ff.o(i.dir_sdi) refers to ff.o(i.get_fat) for get_fat
    ff.o(i.dir_sdi) refers to ff.o(i.clust2sect) for clust2sect
    ff.o(i.f_chmod) refers to ff.o(i.find_volume) for find_volume
    ff.o(i.f_chmod) refers to ff.o(i.follow_path) for follow_path
    ff.o(i.f_chmod) refers to ff.o(i.sync_fs) for sync_fs
    ff.o(i.f_close) refers to ff.o(i.f_sync) for f_sync
    ff.o(i.f_close) refers to ff.o(i.validate) for validate
    ff.o(i.f_close) refers to ff.o(i.dec_lock) for dec_lock
    ff.o(i.f_closedir) refers to ff.o(i.validate) for validate
    ff.o(i.f_closedir) refers to ff.o(i.dec_lock) for dec_lock
    ff.o(i.f_getfree) refers to ff.o(i.find_volume) for find_volume
    ff.o(i.f_getfree) refers to ff.o(i.get_fat) for get_fat
    ff.o(i.f_getfree) refers to ff.o(i.move_window) for move_window
    ff.o(i.f_gets) refers to ff.o(i.f_read) for f_read
    ff.o(i.f_lseek) refers to ff.o(i.validate) for validate
    ff.o(i.f_lseek) refers to ff.o(i.clmt_clust) for clmt_clust
    ff.o(i.f_lseek) refers to ff.o(i.clust2sect) for clust2sect
    ff.o(i.f_lseek) refers to diskio.o(i.disk_write) for disk_write
    ff.o(i.f_lseek) refers to ff.o(i.get_fat) for get_fat
    ff.o(i.f_lseek) refers to diskio.o(i.disk_read) for disk_read
    ff.o(i.f_lseek) refers to ff.o(i.create_chain) for create_chain
    ff.o(i.f_mkdir) refers to fatfs.o(i.get_fattime) for get_fattime
    ff.o(i.f_mkdir) refers to ff.o(i.find_volume) for find_volume
    ff.o(i.f_mkdir) refers to ff.o(i.follow_path) for follow_path
    ff.o(i.f_mkdir) refers to ff.o(i.create_chain) for create_chain
    ff.o(i.f_mkdir) refers to ff.o(i.sync_window) for sync_window
    ff.o(i.f_mkdir) refers to ff.o(i.clust2sect) for clust2sect
    ff.o(i.f_mkdir) refers to ff.o(i.mem_set) for mem_set
    ff.o(i.f_mkdir) refers to ff.o(i.st_clust) for st_clust
    ff.o(i.f_mkdir) refers to ff.o(i.mem_cpy) for mem_cpy
[...]
    i.USBD_LL_CloseEP                        0x080032a8   Section        0  usbd_conf.o(i.USBD_LL_CloseEP)
    i.USBD_LL_DataInStage                    0x080032b6   Section        0  usbd_core.o(i.USBD_LL_DataInStage)
    i.USBD_LL_DataOutStage                   0x08003360   Section        0  usbd_core.o(i.USBD_LL_DataOutStage)
    i.USBD_LL_DevConnected                   0x080033ca   Section        0  usbd_core.o(i.USBD_LL_DevConnected)
    i.USBD_LL_DevDisconnected                0x080033ce   Section        0  usbd_core.o(i.USBD_LL_DevDisconnected)
    i.USBD_LL_FlushEP                        0x080033e4   Section        0  usbd_conf.o(i.USBD_LL_FlushEP)
    i.USBD_LL_GetRxDataSize                  0x080033f2   Section        0  usbd_conf.o(i.USBD_LL_GetRxDataSize)
    i.USBD_LL_Init                           0x080033fc   Section        0  usbd_conf.o(i.USBD_LL_Init)
    i.USBD_LL_IsStallEP                      0x08003464   Section        0  usbd_conf.o(i.USBD_LL_IsStallEP)
    i.USBD_LL_IsoINIncomplete                0x08003484   Section        0  usbd_core.o(i.USBD_LL_IsoINIncomplete)
    i.USBD_LL_IsoOUTIncomplete               0x08003488   Section        0  usbd_core.o(i.USBD_LL_IsoOUTIncomplete)
    i.USBD_LL_OpenEP                         0x0800348c   Section        0  usbd_conf.o(i.USBD_LL_OpenEP)
    i.USBD_LL_PrepareReceive                 0x080034a0   Section        0  usbd_conf.o(i.USBD_LL_PrepareReceive)
    i.USBD_LL_Reset                          0x080034ae   Section        0  usbd_core.o(i.USBD_LL_Reset)
    i.USBD_LL_Resume                         0x080034ec   Section        0  usbd_core.o(i.USBD_LL_Resume)
    i.USBD_LL_SOF                            0x080034f8   Section        0  usbd_core.o(i.USBD_LL_SOF)
    i.USBD_LL_SetSpeed                       0x08003510   Section        0  usbd_core.o(i.USBD_LL_SetSpeed)
    i.USBD_LL_SetUSBAddress                  0x08003516   Section        0  usbd_conf.o(i.USBD_LL_SetUSBAddress)
    i.USBD_LL_SetupStage                     0x08003524   Section        0  usbd_core.o(i.USBD_LL_SetupStage)
    i.USBD_LL_StallEP                        0x0800357e   Section        0  usbd_conf.o(i.USBD_LL_StallEP)
    i.USBD_LL_Start                          0x0800358c   Section        0  usbd_conf.o(i.USBD_LL_Start)
    i.USBD_LL_Suspend                        0x0800359a   Section        0  usbd_core.o(i.USBD_LL_Suspend)
    i.USBD_LL_Transmit                       0x080035ac   Section        0  usbd_conf.o(i.USBD_LL_Transmit)
    i.USBD_MSC_DataIn                        0x080035ba   Section        0  usbd_msc.o(i.USBD_MSC_DataIn)
    i.USBD_MSC_DataOut                       0x080035c4   Section        0  usbd_msc.o(i.USBD_MSC_DataOut)
    i.USBD_MSC_DeInit                        0x080035ce   Section        0  usbd_msc.o(i.USBD_MSC_DeInit)
    i.USBD_MSC_GetDeviceQualifierDescriptor  0x080035fc   Section        0  usbd_msc.o(i.USBD_MSC_GetDeviceQualifierDescriptor)
    i.USBD_MSC_GetFSCfgDesc                  0x08003608   Section        0  usbd_msc.o(i.USBD_MSC_GetFSCfgDesc)
    i.USBD_MSC_GetHSCfgDesc                  0x08003614   Section        0  usbd_msc.o(i.USBD_MSC_GetHSCfgDesc)
    i.USBD_MSC_GetOtherSpeedCfgDesc          0x08003620   Section        0  usbd_msc.o(i.USBD_MSC_GetOtherSpeedCfgDesc)
    i.USBD_MSC_Init                          0x0800362c   Section        0  usbd_msc.o(i.USBD_MSC_Init)
    i.USBD_MSC_RegisterStorage               0x0800367e   Section        0  usbd_msc.o(i.USBD_MSC_RegisterStorage)
    i.USBD_MSC_Setup                         0x08003688   Section        0  usbd_msc.o(i.USBD_MSC_Setup)
    i.USBD_ParseSetupRequest                 0x0800374a   Section        0  usbd_ctlreq.o(i.USBD_ParseSetupRequest)
    i.USBD_RegisterClass                     0x08003772   Section        0  usbd_core.o(i.USBD_RegisterClass)
    i.USBD_SetClassConfig                    0x08003782   Section        0  usbd_core.o(i.USBD_SetClassConfig)
    i.USBD_SetConfig                         0x08003798   Section        0  usbd_ctlreq.o(i.USBD_SetConfig)
    USBD_SetConfig                           0x08003799   Thumb Code   110  usbd_ctlreq.o(i.USBD_SetConfig)
    i.USBD_Start                             0x0800380c   Section        0  usbd_core.o(i.USBD_Start)
    i.USBD_StdDevReq                         0x08003816   Section        0  usbd_ctlreq.o(i.USBD_StdDevReq)
    i.USBD_StdEPReq                          0x08003908   Section        0  usbd_ctlreq.o(i.USBD_StdEPReq)
    i.USBD_StdItfReq                         0x080039e4   Section        0  usbd_ctlreq.o(i.USBD_StdItfReq)
    i.USB_ActivateEndpoint                   0x08003a18   Section        0  stm32f4xx_ll_usb.o(i.USB_ActivateEndpoint)
    i.USB_ActivateSetup                      0x08003a98   Section        0  stm32f4xx_ll_usb.o(i.USB_ActivateSetup)
    i.USB_CoreInit                           0x08003acc   Section        0  stm32f4xx_ll_usb.o(i.USB_CoreInit)
    i.USB_CoreReset                          0x08003b38   Section        0  stm32f4xx_ll_usb.o(i.USB_CoreReset)
    USB_CoreReset                            0x08003b39   Thumb Code    50  stm32f4xx_ll_usb.o(i.USB_CoreReset)
    i.USB_DeactivateEndpoint                 0x08003b70   Section        0  stm32f4xx_ll_usb.o(i.USB_DeactivateEndpoint)
    i.USB_DevConnect                         0x08003bde   Section        0  stm32f4xx_ll_usb.o(i.USB_DevConnect)
    i.USB_DevDisconnect                      0x08003bf6   Section        0  stm32f4xx_ll_usb.o(i.USB_DevDisconnect)
    i.USB_DevInit                            0x08003c10   Section        0  stm32f4xx_ll_usb.o(i.USB_DevInit)
    i.USB_DisableGlobalInt                   0x08003d54   Section        0  stm32f4xx_ll_usb.o(i.USB_DisableGlobalInt)
    i.USB_EP0StartXfer                       0x08003d60   Section        0  stm32f4xx_ll_usb.o(i.USB_EP0StartXfer)
    i.USB_EP0_OutStart                       0x08003ea0   Section        0  stm32f4xx_ll_usb.o(i.USB_EP0_OutStart)
    i.USB_EPClearStall                       0x08003ede   Section        0  stm32f4xx_ll_usb.o(i.USB_EPClearStall)
    i.USB_EPSetStall                         0x08003f42   Section        0  stm32f4xx_ll_usb.o(i.USB_EPSetStall)
    i.USB_EPStartXfer                        0x08003fa0   Section        0  stm32f4xx_ll_usb.o(i.USB_EPStartXfer)
    i.USB_EnableGlobalInt                    0x080041bc   Section        0  stm32f4xx_ll_usb.o(i.USB_EnableGlobalInt)
    i.USB_FlushRxFifo                        0x080041c8   Section        0  stm32f4xx_ll_usb.o(i.USB_FlushRxFifo)
    i.USB_FlushTxFifo                        0x080041e8   Section        0  stm32f4xx_ll_usb.o(i.USB_FlushTxFifo)
    i.USB_GetDevSpeed                        0x0800420c   Section        0  stm32f4xx_ll_usb.o(i.USB_GetDevSpeed)
    i.USB_GetMode                            0x08004248   Section        0  stm32f4xx_ll_usb.o(i.USB_GetMode)
    i.USB_ReadDevAllInEpInterrupt            0x08004250   Section        0  stm32f4xx_ll_usb.o(i.USB_ReadDevAllInEpInterrupt)
    i.USB_ReadDevAllOutEpInterrupt           0x0800425e   Section        0  stm32f4xx_ll_usb.o(i.USB_ReadDevAllOutEpInterrupt)
    i.USB_ReadDevInEPInterrupt               0x0800426c   Section        0  stm32f4xx_ll_usb.o(i.USB_ReadDevInEPInterrupt)
    i.USB_ReadDevOutEPInterrupt              0x0800428a   Section        0  stm32f4xx_ll_usb.o(i.USB_ReadDevOutEPInterrupt)
    i.USB_ReadInterrupts                     0x0800429a   Section        0  stm32f4xx_ll_usb.o(i.USB_ReadInterrupts)
    i.USB_ReadPacket                         0x080042a2   Section        0  stm32f4xx_ll_usb.o(i.USB_ReadPacket)
    i.USB_SetCurrentMode                     0x080042c2   Section        0  stm32f4xx_ll_usb.o(i.USB_SetCurrentMode)
    i.USB_SetDevAddress                      0x080042ee   Section        0  stm32f4xx_ll_usb.o(i.USB_SetDevAddress)
    i.USB_WritePacket                        0x08004310   Section        0  stm32f4xx_ll_usb.o(i.USB_WritePacket)
    i.USER_initialize                        0x08004338   Section        0  user_diskio.o(i.USER_initialize)
    i.USER_ioctl                             0x08004350   Section        0  user_diskio.o(i.USER_ioctl)
    i.USER_read                              0x08004374   Section        0  user_diskio.o(i.USER_read)
    i.USER_status                            0x0800439c   Section        0  user_diskio.o(i.USER_status)
    i.USER_write                             0x080043b4   Section        0  user_diskio.o(i.USER_write)
    i.W25X40_Init                            0x080043f8   Section        0  app_w25q128.o(i.W25X40_Init)
    i.W25X40_Read                            0x08004458   Section        0  app_w25q128.o(i.W25X40_Read)
    i.W25X40_Sector_Erase                    0x080044a8   Section        0  app_w25q128.o(i.W25X40_Sector_Erase)
    i.W25X40_Sector_Read                     0x08004530   Section        0  app_w25q128.o(i.W25X40_Sector_Read)
    i.W25X40_Sector_Write                    0x0800454c   Section        0  app_w25q128.o(i.W25X40_Sector_Write)
    i.W25X40_Wait                            0x08004570   Section        0  app_w25q128.o(i.W25X40_Wait)
    i.W25X40_Write                           0x080045a0   Section        0  app_w25q128.o(i.W25X40_Write)
    i.W25X40_WriteAddress                    0x08004700   Section        0  app_w25q128.o(i.W25X40_WriteAddress)
    i.W25X40_WriteEN                         0x08004720   Section        0  app_w25q128.o(i.W25X40_WriteEN)
    i.__0printf$bare                         0x08004748   Section        0  printfb.o(i.__0printf$bare)
    i.__scatterload_copy                     0x08004758   Section       14  handlers.o(i.__scatterload_copy)
    i.__scatterload_null                     0x08004766   Section        2  handlers.o(i.__scatterload_null)
    i.__scatterload_zeroinit                 0x08004768   Section       14  handlers.o(i.__scatterload_zeroinit)
    i._printf_core                           0x08004776   Section        0  printfb.o(i._printf_core)
    _printf_core                             0x08004777   Thumb Code    34  printfb.o(i._printf_core)
    i.check_fs                               0x08004798   Section        0  ff.o(i.check_fs)
    check_fs                                 0x08004799   Thumb Code    90  ff.o(i.check_fs)
    i.chk_lock                               0x080047f8   Section        0  ff.o(i.chk_lock)
    chk_lock                                 0x080047f9   Thumb Code   102  ff.o(i.chk_lock)
    i.clear_lock                             0x08004864   Section        0  ff.o(i.clear_lock)
    clear_lock                               0x08004865   Thumb Code    32  ff.o(i.clear_lock)
    i.clmt_clust                             0x08004888   Section        0  ff.o(i.clmt_clust)
    clmt_clust                               0x08004889   Thumb Code    42  ff.o(i.clmt_clust)
    i.clust2sect                             0x080048b2   Section        0  ff.o(i.clust2sect)
    i.create_chain                           0x080048d0   Section        0  ff.o(i.create_chain)
    create_chain                             0x080048d1   Thumb Code   176  ff.o(i.create_chain)
    i.create_name                            0x08004980   Section        0  ff.o(i.create_name)
    create_name                              0x08004981   Thumb Code   234  ff.o(i.create_name)
    i.dec_lock                               0x08004a80   Section        0  ff.o(i.dec_lock)
    dec_lock                                 0x08004a81   Thumb Code    54  ff.o(i.dec_lock)
    i.dir_next                               0x08004abc   Section        0  ff.o(i.dir_next)
    dir_next                                 0x08004abd   Thumb Code   286  ff.o(i.dir_next)
    i.dir_register                           0x08004bda   Section        0  ff.o(i.dir_register)
    dir_register                             0x08004bdb   Thumb Code   118  ff.o(i.dir_register)
    i.dir_sdi                                0x08004c50   Section        0  ff.o(i.dir_sdi)
    dir_sdi                                  0x08004c51   Thumb Code   152  ff.o(i.dir_sdi)
    i.disk_initialize                        0x08004ce8   Section        0  diskio.o(i.disk_initialize)
    i.disk_ioctl                             0x08004d10   Section        0  diskio.o(i.disk_ioctl)
    i.disk_read                              0x08004d2c   Section        0  diskio.o(i.disk_read)
    i.disk_status                            0x08004d48   Section        0  diskio.o(i.disk_status)
    i.disk_write                             0x08004d60   Section        0  diskio.o(i.disk_write)
    i.f_close                                0x08004d7c   Section        0  ff.o(i.f_close)
    i.f_mount                                0x08004da8   Section        0  ff.o(i.f_mount)
    i.f_open                                 0x08004e04   Section        0  ff.o(i.f_open)
    i.f_read                                 0x08004fa4   Section        0  ff.o(i.f_read)
    i.f_sync                                 0x08005130   Section        0  ff.o(i.f_sync)
    i.find_volume                            0x080051e8   Section        0  ff.o(i.find_volume)
    find_volume                              0x080051e9   Thumb Code   588  ff.o(i.find_volume)
    i.follow_path                            0x08005440   Section        0  ff.o(i.follow_path)
    follow_path                              0x08005441   Thumb Code   192  ff.o(i.follow_path)
    i.fputc                                  0x08005500   Section        0  main.o(i.fputc)
    i.free                                   0x08005518   Section        0  malloc.o(i.free)
    i.get_fat                                0x08005568   Section        0  ff.o(i.get_fat)
    i.get_fattime                            0x0800562a   Section        0  fatfs.o(i.get_fattime)
    i.get_ldnumber                           0x0800562e   Section        0  ff.o(i.get_ldnumber)
    get_ldnumber                             0x0800562f   Thumb Code    60  ff.o(i.get_ldnumber)
    i.inc_lock                               0x0800566c   Section        0  ff.o(i.inc_lock)
    inc_lock                                 0x0800566d   Thumb Code   154  ff.o(i.inc_lock)
    i.ld_clust                               0x0800570c   Section        0  ff.o(i.ld_clust)
    ld_clust                                 0x0800570d   Thumb Code    20  ff.o(i.ld_clust)
    i.main                                   0x08005720   Section        0  main.o(i.main)
    i.malloc                                 0x08005930   Section        0  malloc.o(i.malloc)
    i.mem_cpy                                0x0800599c   Section        0  ff.o(i.mem_cpy)
    mem_cpy                                  0x0800599d   Thumb Code    18  ff.o(i.mem_cpy)
    i.mem_set                                0x080059ae   Section        0  ff.o(i.mem_set)
    mem_set                                  0x080059af   Thumb Code    14  ff.o(i.mem_set)
    i.move_window                            0x080059bc   Section        0  ff.o(i.move_window)
    move_window                              0x080059bd   Thumb Code    54  ff.o(i.move_window)
    i.put_fat                                0x080059f2   Section        0  ff.o(i.put_fat)
    i.remove_chain                           0x08005aea   Section        0  ff.o(i.remove_chain)
    remove_chain                             0x08005aeb   Thumb Code   110  ff.o(i.remove_chain)
    i.st_clust                               0x08005b58   Section        0  ff.o(i.st_clust)
    st_clust                                 0x08005b59   Thumb Code    16  ff.o(i.st_clust)
    i.sync_fs                                0x08005b68   Section        0  ff.o(i.sync_fs)
    sync_fs                                  0x08005b69   Thumb Code   182  ff.o(i.sync_fs)
    i.sync_window                            0x08005c1e   Section        0  ff.o(i.sync_window)
    sync_window                              0x08005c1f   Thumb Code    96  ff.o(i.sync_window)
    i.validate                               0x08005c7e   Section        0  ff.o(i.validate)
    validate                                 0x08005c7f   Thumb Code    44  ff.o(i.validate)
    .constdata                               0x08005caa   Section      172  ff.o(.constdata)
    ExCvt                                    0x08005caa   Data         128  ff.o(.constdata)
    vst                                      0x08005d2a   Data          22  ff.o(.constdata)
    cst                                      0x08005d40   Data          22  ff.o(.constdata)
    .constdata                               0x08005d56   Section       36  usbd_storage_if.o(.constdata)
    .constdata                               0x08005d7a   Section        7  usbd_msc_data.o(.constdata)
    .constdata                               0x08005d81   Section        8  usbd_msc_data.o(.constdata)
    .constdata                               0x08005d89   Section        8  usbd_msc_data.o(.constdata)
    .constdata                               0x08005d91   Section       16  stm32f4xx_hal_rcc.o(.constdata)
    .data                                    0x20000000   Section        8  ff.o(.data)
    Fsid                                     0x20000000   Data           2  ff.o(.data)
    FatFs                                    0x20000004   Data           4  ff.o(.data)
    .data                                    0x20000008   Section        8  main.o(.data)
    .data                                    0x20000010   Section       28  usbd_desc.o(.data)
    .data                                    0x2000002c   Section       22  usbd_desc.o(.data)
    .data                                    0x20000042   Section        1  user_diskio.o(.data)
    Stat                                     0x20000042   Data           1  user_diskio.o(.data)
    .data                                    0x20000044   Section       20  user_diskio.o(.data)
    .data                                    0x20000058   Section        1  usbd_storage_if.o(.data)
    .data                                    0x2000005c   Section       32  usbd_storage_if.o(.data)
    .data                                    0x2000007c   Section        4  system_stm32f4xx.o(.data)
    .data                                    0x20000080   Section       56  usbd_msc.o(.data)
    .data                                    0x200000b8   Section      106  usbd_msc.o(.data)
    .data                                    0x20000122   Section        1  usbd_ctlreq.o(.data)
    cfgidx                                   0x20000122   Data           1  usbd_ctlreq.o(.data)
    .data                                    0x20000124   Section        4  stm32f4xx_hal.o(.data)
    .data                                    0x20000128   Section        4  stdout.o(.data)
    .data                                    0x2000012c   Section        4  mvars.o(.data)
    .data                                    0x20000130   Section        4  mvars.o(.data)
    .bss                                     0x20000134   Section       12  ff_gen_drv.o(.bss)
    .bss                                     0x20000140   Section       24  ff.o(.bss)
    Files                                    0x20000140   Data          24  ff.o(.bss)
    .bss                                     0x20000158   Section      548  usb_device.o(.bss)
    .bss                                     0x2000037c   Section     1336  main.o(.bss)
    .bss                                     0x200008b4   Section      512  usbd_desc.o(.bss)
    .bss                                     0x20000ab4   Section      952  usbd_conf.o(.bss)
    .bss                                     0x20000e6c   Section       32  stm32f4xx_hal_flash.o(.bss)
    HEAP                                     0x20000e90   Section    16384  startup_stm32f407xx.o(HEAP)
    STACK                                    0x20004e90   Section      512  startup_stm32f407xx.o(STACK)

    Global Symbols

    Symbol Name                              Value     Ov Type        Size  Object(Section)

    BuildAttributes$$THM_ISAv4$E$P$D$K$B$S$7EM$VFPi3$EXTD16$VFPS$VFMA$PE$A:L22UL41UL21$X:L11$S22US41US21$IEEE1$IW$USESV6$~STKCKD$USESV7$~SHL$OSPACE$ROPI$EBA8$MICROLIB$REQ8$PRES8$EABIv2 0x00000000   Number         0  anon$$obj.o ABSOLUTE
    __ARM_use_no_argv                        0x00000000   Number         0  main.o ABSOLUTE
    __cpp_initialize__aeabi_                  - Undefined Weak Reference
    __cxa_finalize                            - Undefined Weak Reference
    _clock_init                               - Undefined Weak Reference
    _microlib_exit                            - Undefined Weak Reference
    __Vectors_Size                           0x00000188   Number         0  startup_stm32f407xx.o ABSOLUTE
    __Vectors                                0x08000000   Data           4  startup_stm32f407xx.o(RESET)
    __Vectors_End                            0x08000188   Data           0  startup_stm32f407xx.o(RESET)
    __main                                   0x08000189   Thumb Code     0  entry.o(.ARM.Collect$$$$00000000)
    _main_stk                                0x08000189   Thumb Code     0  entry2.o(.ARM.Collect$$$$00000001)
    _main_scatterload                        0x0800018d   Thumb Code     0  entry5.o(.ARM.Collect$$$$00000004)
    __main_after_scatterload                 0x08000191   Thumb Code     0  entry5.o(.ARM.Collect$$$$00000004)
    _main_clock                              0x08000191   Thumb Code     0  entry7b.o(.ARM.Collect$$$$00000008)
    _main_cpp_init                           0x08000191   Thumb Code     0  entry8b.o(.ARM.Collect$$$$0000000A)
    _main_init                               0x08000191   Thumb Code     0  entry9a.o(.ARM.Collect$$$$0000000B)
    __rt_final_cpp                           0x08000199   Thumb Code     0  entry10a.o(.ARM.Collect$$$$0000000D)
    __rt_final_exit                          0x08000199   Thumb Code     0  entry11a.o(.ARM.Collect$$$$0000000F)
    Reset_Handler                            0x0800019d   Thumb Code     8  startup_stm32f407xx.o(.text)
    NMI_Handler                              0x080001a5   Thumb Code     2  startup_stm32f407xx.o(.text)
    HardFault_Handler                        0x080001a7   Thumb Code     2  startup_stm32f407xx.o(.text)
    MemManage_Handler                        0x080001a9   Thumb Code     2  startup_stm32f407xx.o(.text)
    BusFault_Handler                         0x080001ab   Thumb Code     2  startup_stm32f407xx.o(.text)
    UsageFault_Handler                       0x080001ad   Thumb Code     2  startup_stm32f407xx.o(.text)
    SVC_Handler                              0x080001af   Thumb Code     2  startup_stm32f407xx.o(.text)
    DebugMon_Handler                         0x080001b1   Thumb Code     2  startup_stm32f407xx.o(.text)
    PendSV_Handler                           0x080001b3   Thumb Code     2  startup_stm32f407xx.o(.text)
    ADC_IRQHandler                           0x080001b7   Thumb Code     0  startup_stm32f407xx.o(.text)
    CAN1_RX0_IRQHandler                      0x080001b7   Thumb Code     0  startup_stm32f407xx.o(.text)
    CAN1_RX1_IRQHandler                      0x080001b7   Thumb Code     0  startup_stm32f407xx.o(.text)
    CAN1_SCE_IRQHandler                      0x080001b7   Thumb Code     0  startup_stm32f407xx.o(.text)
    CAN1_TX_IRQHandler                       0x080001b7   Thumb Code     0  startup_stm32f407xx.o(.text)
    CAN2_RX0_IRQHandler                      0x080001b7   Thumb Code     0  startup_stm32f407xx.o(.text)
    CAN2_RX1_IRQHandler                      0x080001b7   Thumb Code     0  startup_stm32f407xx.o(.text)
    CAN2_SCE_IRQHandler                      0x080001b7   Thumb Code     0  startup_stm32f407xx.o(.text)
    CAN2_TX_IRQHandler                       0x080001b7   Thumb Code     0  startup_stm32f407xx.o(.text)
    DCMI_IRQHandler                          0x080001b7   Thumb Code     0  startup_stm32f407xx.o(.text)
    DMA1_Stream0_IRQHandler                  0x080001b7   Thumb Code     0  startup_stm32f407xx.o(.text)
    DMA1_Stream1_IRQHandler                  0x080001b7   Thumb Code     0  startup_stm32f407xx.o(.text)
    DMA1_Stream2_IRQHandler                  0x080001b7   Thumb Code     0  startup_stm32f407xx.o(.text)
    DMA1_Stream3_IRQHandler                  0x080001b7   Thumb Code     0  startup_stm32f407xx.o(.text)
    DMA1_Stream4_IRQHandler                  0x080001b7   Thumb Code     0  startup_stm32f407xx.o(.text)
    DMA1_Stream5_IRQHandler                  0x080001b7   Thumb Code     0  startup_stm32f407xx.o(.text)
    DMA1_Stream6_IRQHandler                  0x080001b7   Thumb Code     0  startup_stm32f407xx.o(.text)
    DMA1_Stream7_IRQHandler                  0x080001b7   Thumb Code     0  startup_stm32f407xx.o(.text)
    DMA2_Stream0_IRQHandler                  0x080001b7   Thumb Code     0  startup_stm32f407xx.o(.text)
    DMA2_Stream1_IRQHandler                  0x080001b7   Thumb Code     0  startup_stm32f407xx.o(.text)
    DMA2_Stream2_IRQHandler                  0x080001b7   Thumb Code     0  startup_stm32f407xx.o(.text)
    DMA2_Stream3_IRQHandler                  0x080001b7   Thumb Code     0  startup_stm32f407xx.o(.text)
    DMA2_Stream4_IRQHandler                  0x080001b7   Thumb Code     0  startup_stm32f407xx.o(.text)
    DMA2_Stream5_IRQHandler                  0x080001b7   Thumb Code     0  startup_stm32f407xx.o(.text)
    DMA2_Stream6_IRQHandler                  0x080001b7   Thumb Code     0  startup_stm32f407xx.o(.text)
    DMA2_Stream7_IRQHandler                  0x080001b7   Thumb Code     0  startup_stm32f407xx.o(.text)
    ETH_IRQHandler                           0x080001b7   Thumb Code     0  startup_stm32f407xx.o(.text)
    ETH_WKUP_IRQHandler                      0x080001b7   Thumb Code     0  startup_stm32f407xx.o(.text)
    EXTI0_IRQHandler                         0x080001b7   Thumb Code     0  startup_stm32f407xx.o(.text)
    EXTI15_10_IRQHandler                     0x080001b7   Thumb Code     0  startup_stm32f407xx.o(.text)
    EXTI1_IRQHandler                         0x080001b7   Thumb Code     0  startup_stm32f407xx.o(.text)
    EXTI2_IRQHandler                         0x080001b7   Thumb Code     0  startup_stm32f407xx.o(.text)
    EXTI3_IRQHandler                         0x080001b7   Thumb Code     0  startup_stm32f407xx.o(.text)
    EXTI4_IRQHandler                         0x080001b7   Thumb Code     0  startup_stm32f407xx.o(.text)
    EXTI9_5_IRQHandler                       0x080001b7   Thumb Code     0  startup_stm32f407xx.o(.text)
    FMC_IRQHandler                           0x080001b7   Thumb Code     0  startup_stm32f407xx.o(.text)
    FPU_IRQHandler                           0x080001b7   Thumb Code     0  startup_stm32f407xx.o(.text)
    HASH_RNG_IRQHandler                      0x080001b7   Thumb Code     0  startup_stm32f407xx.o(.text)
    I2C1_ER_IRQHandler                       0x080001b7   Thumb Code     0  startup_stm32f407xx.o(.text)
    I2C1_EV_IRQHandler                       0x080001b7   Thumb Code     0  startup_stm32f407xx.o(.text)
    I2C2_ER_IRQHandler                       0x080001b7   Thumb Code     0  startup_stm32f407xx.o(.text)
    I2C2_EV_IRQHandler                       0x080001b7   Thumb Code     0  startup_stm32f407xx.o(.text)
    I2C3_ER_IRQHandler                       0x080001b7   Thumb Code     0  startup_stm32f407xx.o(.text)
    I2C3_EV_IRQHandler                       0x080001b7   Thumb Code     0  startup_stm32f407xx.o(.text)
    OTG_FS_IRQHandler                        0x080001b7   Thumb Code     0  startup_stm32f407xx.o(.text)
    OTG_FS_WKUP_IRQHandler                   0x080001b7   Thumb Code     0  startup_stm32f407xx.o(.text)
    OTG_HS_EP1_IN_IRQHandler                 0x080001b7   Thumb Code     0  startup_stm32f407xx.o(.text)
    OTG_HS_EP1_OUT_IRQHandler                0x080001b7   Thumb Code     0  startup_stm32f407xx.o(.text)
    OTG_HS_WKUP_IRQHandler                   0x080001b7   Thumb Code     0  startup_stm32f407xx.o(.text)
    PVD_IRQHandler                           0x080001b7   Thumb Code     0  startup_stm32f407xx.o(.text)
    RCC_IRQHandler                           0x080001b7   Thumb Code     0  startup_stm32f407xx.o(.text)
    RTC_Alarm_IRQHandler                     0x080001b7   Thumb Code     0  startup_stm32f407xx.o(.text)
    RTC_WKUP_IRQHandler                      0x080001b7   Thumb Code     0  startup_stm32f407xx.o(.text)
    SDIO_IRQHandler                          0x080001b7   Thumb Code     0  startup_stm32f407xx.o(.text)
    SPI1_IRQHandler                          0x080001b7   Thumb Code     0  startup_stm32f407xx.o(.text)
    SPI2_IRQHandler                          0x080001b7   Thumb Code     0  startup_stm32f407xx.o(.text)
    SPI3_IRQHandler                          0x080001b7   Thumb Code     0  startup_stm32f407xx.o(.text)
    TAMP_STAMP_IRQHandler                    0x080001b7   Thumb Code     0  startup_stm32f407xx.o(.text)
    TIM1_BRK_TIM9_IRQHandler                 0x080001b7   Thumb Code     0  startup_stm32f407xx.o(.text)
    TIM1_CC_IRQHandler                       0x080001b7   Thumb Code     0  startup_stm32f407xx.o(.text)
    TIM1_TRG_COM_TIM11_IRQHandler            0x080001b7   Thumb Code     0  startup_stm32f407xx.o(.text)
    TIM1_UP_TIM10_IRQHandler                 0x080001b7   Thumb Code     0  startup_stm32f407xx.o(.text)
    TIM2_IRQHandler                          0x080001b7   Thumb Code     0  startup_stm32f407xx.o(.text)
    TIM3_IRQHandler                          0x080001b7   Thumb Code     0  startup_stm32f407xx.o(.text)
    TIM4_IRQHandler                          0x080001b7   Thumb Code     0  startup_stm32f407xx.o(.text)
    TIM5_IRQHandler                          0x080001b7   Thumb Code     0  startup_stm32f407xx.o(.text)
    TIM6_DAC_IRQHandler                      0x080001b7   Thumb Code     0  startup_stm32f407xx.o(.text)
    TIM7_IRQHandler                          0x080001b7   Thumb Code     0  startup_stm32f407xx.o(.text)
    TIM8_BRK_TIM12_IRQHandler                0x080001b7   Thumb Code     0  startup_stm32f407xx.o(.text)
    TIM8_CC_IRQHandler                       0x080001b7   Thumb Code     0  startup_stm32f407xx.o(.text)
    TIM8_TRG_COM_TIM14_IRQHandler            0x080001b7   Thumb Code     0  startup_stm32f407xx.o(.text)
    TIM8_UP_TIM13_IRQHandler                 0x080001b7   Thumb Code     0  startup_stm32f407xx.o(.text)
    UART4_IRQHandler                         0x080001b7   Thumb Code     0  startup_stm32f407xx.o(.text)
    UART5_IRQHandler                         0x080001b7   Thumb Code     0  startup_stm32f407xx.o(.text)
    USART1_IRQHandler                        0x080001b7   Thumb Code     0  startup_stm32f407xx.o(.text)
    USART2_IRQHandler                        0x080001b7   Thumb Code     0  startup_stm32f407xx.o(.text)
    USART3_IRQHandler                        0x080001b7   Thumb Code     0  startup_stm32f407xx.o(.text)
    USART6_IRQHandler                        0x080001b7   Thumb Code     0  startup_stm32f407xx.o(.text)
    WWDG_IRQHandler                          0x080001b7   Thumb Code     0  startup_stm32f407xx.o(.text)
    __aeabi_memcpy                           0x080001c1   Thumb Code    36  memcpya.o(.text)
    __aeabi_memcpy4                          0x080001c1   Thumb Code     0  memcpya.o(.text)
    __aeabi_memcpy8                          0x080001c1   Thumb Code     0  memcpya.o(.text)
    __scatterload                            0x080001e5   Thumb Code    28  init.o(.text)
    __scatterload_rt2                        0x080001e5   Thumb Code     0  init.o(.text)
    __decompress                             0x08000209   Thumb Code     0  __dczerorl2.o(.text)
    __decompress1                            0x08000209   Thumb Code    86  __dczerorl2.o(.text)
    FATFS_LinkDriver                         0x0800025f   Thumb Code     6  ff_gen_drv.o(i.FATFS_LinkDriver)
    FATFS_LinkDriverEx                       0x08000265   Thumb Code    60  ff_gen_drv.o(i.FATFS_LinkDriverEx)
    FLASH_Erase_Sector                       0x080002a5   Thumb Code    84  stm32f4xx_hal_flash_ex.o(i.FLASH_Erase_Sector)
    FLASH_FlushCaches                        0x080002fd   Thumb Code    80  stm32f4xx_hal_flash_ex.o(i.FLASH_FlushCaches)
    FLASH_IRQHandler                         0x08000351   Thumb Code     4  stm32f4xx_it.o(i.FLASH_IRQHandler)
    FPGA_Init                                0x0800046d   Thumb Code   278  dri_fpga.o(i.FPGA_Init)
    HAL_Delay                                0x080005a1   Thumb Code    22  stm32f4xx_hal.o(i.HAL_Delay)
    HAL_FLASH_EndOfOperationCallback         0x080005b7   Thumb Code     2  stm32f4xx_hal_flash.o(i.HAL_FLASH_EndOfOperationCallback)
    HAL_FLASH_IRQHandler                     0x080005b9   Thumb Code   198  stm32f4xx_hal_flash.o(i.HAL_FLASH_IRQHandler)
    HAL_FLASH_Lock                           0x08000689   Thumb Code    14  stm32f4xx_hal_flash.o(i.HAL_FLASH_Lock)
    HAL_FLASH_OperationErrorCallback         0x0800069d   Thumb Code     2  stm32f4xx_hal_flash.o(i.HAL_FLASH_OperationErrorCallback)
    HAL_FLASH_Program_IT                     0x080006a1   Thumb Code   100  stm32f4xx_hal_flash.o(i.HAL_FLASH_Program_IT)
    HAL_FLASH_Unlock                         0x0800070d   Thumb Code    28  stm32f4xx_hal_flash.o(i.HAL_FLASH_Unlock)
    HAL_GPIO_Init                            0x08000735   Thumb Code   398  stm32f4xx_hal_gpio.o(i.HAL_GPIO_Init)
    HAL_GPIO_ReadPin                         0x080008f5   Thumb Code    10  stm32f4xx_hal_gpio.o(i.HAL_GPIO_ReadPin)
    HAL_GPIO_WritePin                        0x080008ff   Thumb Code    10  stm32f4xx_hal_gpio.o(i.HAL_GPIO_WritePin)
    HAL_GetTick                              0x08000909   Thumb Code     6  stm32f4xx_hal.o(i.HAL_GetTick)
    HAL_IncTick                              0x08000915   Thumb Code    10  stm32f4xx_hal.o(i.HAL_IncTick)
    HAL_Init                                 0x08000925   Thumb Code    48  stm32f4xx_hal.o(i.HAL_Init)
    HAL_InitTick                             0x08000959   Thumb Code    34  stm32f4xx_hal.o(i.HAL_InitTick)
    HAL_MspInit                              0x0800097b   Thumb Code    38  stm32f4xx_hal_msp.o(i.HAL_MspInit)
    HAL_NVIC_EnableIRQ                       0x080009a1   Thumb Code    22  stm32f4xx_hal_cortex.o(i.HAL_NVIC_EnableIRQ)
    HAL_NVIC_SetPriority                     0x080009b9   Thumb Code    60  stm32f4xx_hal_cortex.o(i.HAL_NVIC_SetPriority)
    HAL_NVIC_SetPriorityGrouping             0x080009f9   Thumb Code    26  stm32f4xx_hal_cortex.o(i.HAL_NVIC_SetPriorityGrouping)
    HAL_PCDEx_SetRxFiFo                      0x08000a1d   Thumb Code     8  stm32f4xx_hal_pcd_ex.o(i.HAL_PCDEx_SetRxFiFo)
    HAL_PCDEx_SetTxFiFo                      0x08000a25   Thumb Code    68  stm32f4xx_hal_pcd_ex.o(i.HAL_PCDEx_SetTxFiFo)
    HAL_PCD_ConnectCallback                  0x08000a69   Thumb Code     8  usbd_conf.o(i.HAL_PCD_ConnectCallback)
    HAL_PCD_DataInStageCallback              0x08000a71   Thumb Code    18  usbd_conf.o(i.HAL_PCD_DataInStageCallback)
    HAL_PCD_DataOutStageCallback             0x08000a83   Thumb Code    20  usbd_conf.o(i.HAL_PCD_DataOutStageCallback)
    HAL_PCD_DisconnectCallback               0x08000a97   Thumb Code     8  usbd_conf.o(i.HAL_PCD_DisconnectCallback)
    HAL_PCD_EP_Close                         0x08000a9f   Thumb Code    68  stm32f4xx_hal_pcd.o(i.HAL_PCD_EP_Close)
    HAL_PCD_EP_ClrStall                      0x08000ae3   Thumb Code    80  stm32f4xx_hal_pcd.o(i.HAL_PCD_EP_ClrStall)
    HAL_PCD_EP_Flush                         0x08000b33   Thumb Code    52  stm32f4xx_hal_pcd.o(i.HAL_PCD_EP_Flush)
    HAL_PCD_EP_GetRxCount                    0x08000b67   Thumb Code    20  stm32f4xx_hal_pcd.o(i.HAL_PCD_EP_GetRxCount)
    HAL_PCD_EP_Open                          0x08000b7b   Thumb Code    84  stm32f4xx_hal_pcd.o(i.HAL_PCD_EP_Open)
    HAL_PCD_EP_Receive                       0x08000bd1   Thumb Code    94  stm32f4xx_hal_pcd.o(i.HAL_PCD_EP_Receive)
    HAL_PCD_EP_SetStall                      0x08000c2f   Thumb Code    96  stm32f4xx_hal_pcd.o(i.HAL_PCD_EP_SetStall)
    HAL_PCD_EP_Transmit                      0x08000c8f   Thumb Code    86  stm32f4xx_hal_pcd.o(i.HAL_PCD_EP_Transmit)
    HAL_PCD_IRQHandler                       0x08000ce5   Thumb Code  1022  stm32f4xx_hal_pcd.o(i.HAL_PCD_IRQHandler)
    HAL_PCD_ISOINIncompleteCallback          0x080010e3   Thumb Code     8  usbd_conf.o(i.HAL_PCD_ISOINIncompleteCallback)
    HAL_PCD_ISOOUTIncompleteCallback         0x080010eb   Thumb Code     8  usbd_conf.o(i.HAL_PCD_ISOOUTIncompleteCallback)
    HAL_PCD_Init                             0x080010f5   Thumb Code   190  stm32f4xx_hal_pcd.o(i.HAL_PCD_Init)
    HAL_PCD_MspInit                          0x080011b5   Thumb Code   118  usbd_conf.o(i.HAL_PCD_MspInit)
    HAL_PCD_ResetCallback                    0x08001241   Thumb Code    32  usbd_conf.o(i.HAL_PCD_ResetCallback)
    HAL_PCD_ResumeCallback                   0x08001261   Thumb Code     8  usbd_conf.o(i.HAL_PCD_ResumeCallback)
    HAL_PCD_SOFCallback                      0x08001269   Thumb Code     8  usbd_conf.o(i.HAL_PCD_SOFCallback)
    HAL_PCD_SetAddress                       0x08001271   Thumb Code    36  stm32f4xx_hal_pcd.o(i.HAL_PCD_SetAddress)
    HAL_PCD_SetupStageCallback               0x08001295   Thumb Code    14  usbd_conf.o(i.HAL_PCD_SetupStageCallback)
    HAL_PCD_Start                            0x080012a3   Thumb Code    42  stm32f4xx_hal_pcd.o(i.HAL_PCD_Start)
    HAL_PCD_SuspendCallback                  0x080012cd   Thumb Code    44  usbd_conf.o(i.HAL_PCD_SuspendCallback)
    HAL_RCC_ClockConfig                      0x080012fd   Thumb Code   312  stm32f4xx_hal_rcc.o(i.HAL_RCC_ClockConfig)
    HAL_RCC_GetHCLKFreq                      0x0800143d   Thumb Code    38  stm32f4xx_hal_rcc.o(i.HAL_RCC_GetHCLKFreq)
    HAL_RCC_GetPCLK1Freq                     0x08001471   Thumb Code    36  stm32f4xx_hal_rcc.o(i.HAL_RCC_GetPCLK1Freq)
    HAL_RCC_GetPCLK2Freq                     0x0800149d   Thumb Code    36  stm32f4xx_hal_rcc.o(i.HAL_RCC_GetPCLK2Freq)
    HAL_RCC_GetSysClockFreq                  0x080014c9   Thumb Code   104  stm32f4xx_hal_rcc.o(i.HAL_RCC_GetSysClockFreq)
    HAL_RCC_OscConfig                        0x0800153d   Thumb Code   722  stm32f4xx_hal_rcc.o(i.HAL_RCC_OscConfig)
    HAL_SPI_Init                             0x08001821   Thumb Code   140  stm32f4xx_hal_spi.o(i.HAL_SPI_Init)
    HAL_SPI_MspInit                          0x080018ad   Thumb Code    82  stm32f4xx_hal_msp.o(i.HAL_SPI_MspInit)
    HAL_SPI_Receive                          0x08001911   Thumb Code   504  stm32f4xx_hal_spi.o(i.HAL_SPI_Receive)
    HAL_SPI_Transmit                         0x08001b09   Thumb Code   356  stm32f4xx_hal_spi.o(i.HAL_SPI_Transmit)
    HAL_SPI_TransmitReceive                  0x08001c6d   Thumb Code   514  stm32f4xx_hal_spi.o(i.HAL_SPI_TransmitReceive)
    HAL_SYSTICK_CLKSourceConfig              0x08001e6f   Thumb Code    24  stm32f4xx_hal_cortex.o(i.HAL_SYSTICK_CLKSourceConfig)
    HAL_SYSTICK_Callback                     0x08001e87   Thumb Code     2  stm32f4xx_hal_cortex.o(i.HAL_SYSTICK_Callback)
    HAL_SYSTICK_Config                       0x08001e89   Thumb Code    40  stm32f4xx_hal_cortex.o(i.HAL_SYSTICK_Config)
    HAL_SYSTICK_IRQHandler                   0x08001eb1   Thumb Code     8  stm32f4xx_hal_cortex.o(i.HAL_SYSTICK_IRQHandler)
    HAL_UART_Init                            0x08001eb9   Thumb Code    98  stm32f4xx_hal_uart.o(i.HAL_UART_Init)
    HAL_UART_MspInit                         0x08001f1d   Thumb Code    64  stm32f4xx_hal_msp.o(i.HAL_UART_MspInit)
    HAL_UART_Transmit                        0x08001f69   Thumb Code   170  stm32f4xx_hal_uart.o(i.HAL_UART_Transmit)
    MSC_BOT_CplClrFeature                    0x08002121   Thumb Code    42  usbd_msc_bot.o(i.MSC_BOT_CplClrFeature)
    MSC_BOT_DataIn                           0x0800214b   Thumb Code    58  usbd_msc_bot.o(i.MSC_BOT_DataIn)
    MSC_BOT_DataOut                          0x08002185   Thumb Code    58  usbd_msc_bot.o(i.MSC_BOT_DataOut)
    MSC_BOT_DeInit                           0x080021bf   Thumb Code    10  usbd_msc_bot.o(i.MSC_BOT_DeInit)
    MSC_BOT_Init                             0x080021c9   Thumb Code    66  usbd_msc_bot.o(i.MSC_BOT_Init)
    MSC_BOT_Reset                            0x0800220b   Thumb Code    22  usbd_msc_bot.o(i.MSC_BOT_Reset)
    MSC_BOT_SendCSW                          0x08002221   Thumb Code    54  usbd_msc_bot.o(i.MSC_BOT_SendCSW)
    MX_USB_DEVICE_Init                       0x080023b1   Thumb Code    38  usb_device.o(i.MX_USB_DEVICE_Init)
    OTG_HS_IRQHandler                        0x08002409   Thumb Code     6  stm32f4xx_it.o(i.OTG_HS_IRQHandler)
    SCSI_ProcessCmd                          0x080024c1   Thumb Code   448  usbd_msc_scsi.o(i.SCSI_ProcessCmd)
    SCSI_SenseCode                           0x0800291f   Thumb Code    54  usbd_msc_scsi.o(i.SCSI_SenseCode)
    SPI1_ReadByte                            0x08002a21   Thumb Code    28  dri_spi.o(i.SPI1_ReadByte)
    SPI1_SendByte                            0x08002a41   Thumb Code    18  dri_spi.o(i.SPI1_SendByte)
    SysTick_Handler                          0x08002bb5   Thumb Code    14  stm32f4xx_it.o(i.SysTick_Handler)
    SystemClock_Config                       0x08002bc5   Thumb Code   138  main.o(i.SystemClock_Config)
    SystemInit                               0x08002c59   Thumb Code    66  system_stm32f4xx.o(i.SystemInit)
    USBD_ClrClassConfig                      0x08002fef   Thumb Code    14  usbd_core.o(i.USBD_ClrClassConfig)
    USBD_CtlContinueRx                       0x08002ffd   Thumb Code    16  usbd_ioreq.o(i.USBD_CtlContinueRx)
    USBD_CtlContinueSendData                 0x0800300d   Thumb Code    16  usbd_ioreq.o(i.USBD_CtlContinueSendData)
    USBD_CtlError                            0x0800301d   Thumb Code    22  usbd_ctlreq.o(i.USBD_CtlError)
    USBD_CtlReceiveStatus                    0x08003033   Thumb Code    22  usbd_ioreq.o(i.USBD_CtlReceiveStatus)
    USBD_CtlSendData                         0x08003049   Thumb Code    26  usbd_ioreq.o(i.USBD_CtlSendData)
    USBD_CtlSendStatus                       0x08003063   Thumb Code    22  usbd_ioreq.o(i.USBD_CtlSendStatus)
    USBD_GetString                           0x08003159   Thumb Code    70  usbd_ctlreq.o(i.USBD_GetString)
    USBD_HS_ConfigStrDescriptor              0x080031a1   Thumb Code    16  usbd_desc.o(i.USBD_HS_ConfigStrDescriptor)
    USBD_HS_DeviceDescriptor                 0x080031c1   Thumb Code     8  usbd_desc.o(i.USBD_HS_DeviceDescriptor)
    USBD_HS_InterfaceStrDescriptor           0x080031cd   Thumb Code    16  usbd_desc.o(i.USBD_HS_InterfaceStrDescriptor)
    USBD_HS_LangIDStrDescriptor              0x080031f1   Thumb Code     8  usbd_desc.o(i.USBD_HS_LangIDStrDescriptor)
    USBD_HS_ManufacturerStrDescriptor        0x080031fd   Thumb Code    16  usbd_desc.o(i.USBD_HS_ManufacturerStrDescriptor)
    USBD_HS_ProductStrDescriptor             0x08003225   Thumb Code    16  usbd_desc.o(i.USBD_HS_ProductStrDescriptor)
    USBD_HS_SerialStrDescriptor              0x0800324d   Thumb Code    16  usbd_desc.o(i.USBD_HS_SerialStrDescriptor)
    USBD_Init                                0x08003271   Thumb Code    42  usbd_core.o(i.USBD_Init)
    USBD_LL_ClearStallEP                     0x0800329b   Thumb Code    14  usbd_conf.o(i.USBD_LL_ClearStallEP)
    USBD_LL_CloseEP                          0x080032a9   Thumb Code    14  usbd_conf.o(i.USBD_LL_CloseEP)
    USBD_LL_DataInStage                      0x080032b7   Thumb Code   170  usbd_core.o(i.USBD_LL_DataInStage)
    USBD_LL_DataOutStage                     0x08003361   Thumb Code   106  usbd_core.o(i.USBD_LL_DataOutStage)
    USBD_LL_DevConnected                     0x080033cb   Thumb Code     4  usbd_core.o(i.USBD_LL_DevConnected)
    USBD_LL_DevDisconnected                  0x080033cf   Thumb Code    22  usbd_core.o(i.USBD_LL_DevDisconnected)
    USBD_LL_FlushEP                          0x080033e5   Thumb Code    14  usbd_conf.o(i.USBD_LL_FlushEP)
    USBD_LL_GetRxDataSize                    0x080033f3   Thumb Code     8  usbd_conf.o(i.USBD_LL_GetRxDataSize)
    USBD_LL_Init                             0x080033fd   Thumb Code    94  usbd_conf.o(i.USBD_LL_Init)
    USBD_LL_IsStallEP                        0x08003465   Thumb Code    32  usbd_conf.o(i.USBD_LL_IsStallEP)
    USBD_LL_IsoINIncomplete                  0x08003485   Thumb Code     4  usbd_core.o(i.USBD_LL_IsoINIncomplete)
    USBD_LL_IsoOUTIncomplete                 0x08003489   Thumb Code     4  usbd_core.o(i.USBD_LL_IsoOUTIncomplete)
    USBD_LL_OpenEP                           0x0800348d   Thumb Code    20  usbd_conf.o(i.USBD_LL_OpenEP)
    USBD_LL_PrepareReceive                   0x080034a1   Thumb Code    14  usbd_conf.o(i.USBD_LL_PrepareReceive)
    USBD_LL_Reset                            0x080034af   Thumb Code    62  usbd_core.o(i.USBD_LL_Reset)
    USBD_LL_Resume                           0x080034ed   Thumb Code    12  usbd_core.o(i.USBD_LL_Resume)
    USBD_LL_SOF                              0x080034f9   Thumb Code    24  usbd_core.o(i.USBD_LL_SOF)
    USBD_LL_SetSpeed                         0x08003511   Thumb Code     6  usbd_core.o(i.USBD_LL_SetSpeed)
    USBD_LL_SetUSBAddress                    0x08003517   Thumb Code    14  usbd_conf.o(i.USBD_LL_SetUSBAddress)
    USBD_LL_SetupStage                       0x08003525   Thumb Code    90  usbd_core.o(i.USBD_LL_SetupStage)
    USBD_LL_StallEP                          0x0800357f   Thumb Code    14  usbd_conf.o(i.USBD_LL_StallEP)
    USBD_LL_Start                            0x0800358d   Thumb Code    14  usbd_conf.o(i.USBD_LL_Start)
    USBD_LL_Suspend                          0x0800359b   Thumb Code    18  usbd_core.o(i.USBD_LL_Suspend)
    USBD_LL_Transmit                         0x080035ad   Thumb Code    14  usbd_conf.o(i.USBD_LL_Transmit)
    USBD_MSC_DataIn                          0x080035bb   Thumb Code    10  usbd_msc.o(i.USBD_MSC_DataIn)
    USBD_MSC_DataOut                         0x080035c5   Thumb Code    10  usbd_msc.o(i.USBD_MSC_DataOut)
    USBD_MSC_DeInit                          0x080035cf   Thumb Code    44  usbd_msc.o(i.USBD_MSC_DeInit)
    USBD_MSC_GetDeviceQualifierDescriptor    0x080035fd   Thumb Code     8  usbd_msc.o(i.USBD_MSC_GetDeviceQualifierDescriptor)
    USBD_MSC_GetFSCfgDesc                    0x08003609   Thumb Code     8  usbd_msc.o(i.USBD_MSC_GetFSCfgDesc)
    USBD_MSC_GetHSCfgDesc                    0x08003615   Thumb Code     8  usbd_msc.o(i.USBD_MSC_GetHSCfgDesc)
    USBD_MSC_GetOtherSpeedCfgDesc            0x08003621   Thumb Code     8  usbd_msc.o(i.USBD_MSC_GetOtherSpeedCfgDesc)
    USBD_MSC_Init                            0x0800362d   Thumb Code    82  usbd_msc.o(i.USBD_MSC_Init)
    USBD_MSC_RegisterStorage                 0x0800367f   Thumb Code    10  usbd_msc.o(i.USBD_MSC_RegisterStorage)
    USBD_MSC_Setup                           0x08003689   Thumb Code   194  usbd_msc.o(i.USBD_MSC_Setup)
    USBD_ParseSetupRequest                   0x0800374b   Thumb Code    40  usbd_ctlreq.o(i.USBD_ParseSetupRequest)
    USBD_RegisterClass                       0x08003773   Thumb Code    16  usbd_core.o(i.USBD_RegisterClass)
    USBD_SetClassConfig                      0x08003783   Thumb Code    22  usbd_core.o(i.USBD_SetClassConfig)
    USBD_Start                               0x0800380d   Thumb Code    10  usbd_core.o(i.USBD_Start)
    USBD_StdDevReq                           0x08003817   Thumb Code   242  usbd_ctlreq.o(i.USBD_StdDevReq)
    USBD_StdEPReq                            0x08003909   Thumb Code   220  usbd_ctlreq.o(i.USBD_StdEPReq)
    USBD_StdItfReq                           0x080039e5   Thumb Code    52  usbd_ctlreq.o(i.USBD_StdItfReq)
    USB_ActivateEndpoint                     0x08003a19   Thumb Code   122  stm32f4xx_ll_usb.o(i.USB_ActivateEndpoint)
    USB_ActivateSetup                        0x08003a99   Thumb Code    52  stm32f4xx_ll_usb.o(i.USB_ActivateSetup)
    USB_CoreInit                             0x08003acd   Thumb Code   104  stm32f4xx_ll_usb.o(i.USB_CoreInit)
    USB_DeactivateEndpoint                   0x08003b71   Thumb Code   110  stm32f4xx_ll_usb.o(i.USB_DeactivateEndpoint)
    USB_DevConnect                           0x08003bdf   Thumb Code    24  stm32f4xx_ll_usb.o(i.USB_DevConnect)
    USB_DevDisconnect                        0x08003bf7   Thumb Code    24  stm32f4xx_ll_usb.o(i.USB_DevDisconnect)
    USB_DevInit                              0x08003c11   Thumb Code   306  stm32f4xx_ll_usb.o(i.USB_DevInit)
    USB_DisableGlobalInt                     0x08003d55   Thumb Code    12  stm32f4xx_ll_usb.o(i.USB_DisableGlobalInt)
    USB_EP0StartXfer                         0x08003d61   Thumb Code   316  stm32f4xx_ll_usb.o(i.USB_EP0StartXfer)
    USB_EP0_OutStart                         0x08003ea1   Thumb Code    62  stm32f4xx_ll_usb.o(i.USB_EP0_OutStart)
    USB_EPClearStall                         0x08003edf   Thumb Code   100  stm32f4xx_ll_usb.o(i.USB_EPClearStall)
    USB_EPSetStall                           0x08003f43   Thumb Code    94  stm32f4xx_ll_usb.o(i.USB_EPSetStall)
    USB_EPStartXfer                          0x08003fa1   Thumb Code   534  stm32f4xx_ll_usb.o(i.USB_EPStartXfer)
    USB_EnableGlobalInt                      0x080041bd   Thumb Code    12  stm32f4xx_ll_usb.o(i.USB_EnableGlobalInt)
    USB_FlushRxFifo                          0x080041c9   Thumb Code    28  stm32f4xx_ll_usb.o(i.USB_FlushRxFifo)
    USB_FlushTxFifo                          0x080041e9   Thumb Code    32  stm32f4xx_ll_usb.o(i.USB_FlushTxFifo)
    USB_GetDevSpeed                          0x0800420d   Thumb Code    60  stm32f4xx_ll_usb.o(i.USB_GetDevSpeed)
    USB_GetMode                              0x08004249   Thumb Code     8  stm32f4xx_ll_usb.o(i.USB_GetMode)
    USB_ReadDevAllInEpInterrupt              0x08004251   Thumb Code    14  stm32f4xx_ll_usb.o(i.USB_ReadDevAllInEpInterrupt)
    USB_ReadDevAllOutEpInterrupt             0x0800425f   Thumb Code    14  stm32f4xx_ll_usb.o(i.USB_ReadDevAllOutEpInterrupt)
    USB_ReadDevInEPInterrupt                 0x0800426d   Thumb Code    30  stm32f4xx_ll_usb.o(i.USB_ReadDevInEPInterrupt)
    USB_ReadDevOutEPInterrupt                0x0800428b   Thumb Code    16  stm32f4xx_ll_usb.o(i.USB_ReadDevOutEPInterrupt)
    USB_ReadInterrupts                       0x0800429b   Thumb Code     8  stm32f4xx_ll_usb.o(i.USB_ReadInterrupts)
    USB_ReadPacket                           0x080042a3   Thumb Code    32  stm32f4xx_ll_usb.o(i.USB_ReadPacket)
    USB_SetCurrentMode                       0x080042c3   Thumb Code    44  stm32f4xx_ll_usb.o(i.USB_SetCurrentMode)
    USB_SetDevAddress                        0x080042ef   Thumb Code    34  stm32f4xx_ll_usb.o(i.USB_SetDevAddress)
    USB_WritePacket                          0x08004311   Thumb Code    40  stm32f4xx_ll_usb.o(i.USB_WritePacket)
    USER_initialize                          0x08004339   Thumb Code    20  user_diskio.o(i.USER_initialize)
    USER_ioctl                               0x08004351   Thumb Code    36  user_diskio.o(i.USER_ioctl)
    USER_read                                0x08004375   Thumb Code    40  user_diskio.o(i.USER_read)
    USER_status                              0x0800439d   Thumb Code    18  user_diskio.o(i.USER_status)
    USER_write                               0x080043b5   Thumb Code    52  user_diskio.o(i.USER_write)
    W25X40_Init                              0x080043f9   Thumb Code    84  app_w25q128.o(i.W25X40_Init)
    W25X40_Read                              0x08004459   Thumb Code    74  app_w25q128.o(i.W25X40_Read)
    W25X40_Sector_Erase                      0x080044a9   Thumb Code   126  app_w25q128.o(i.W25X40_Sector_Erase)
    W25X40_Sector_Read                       0x08004531   Thumb Code    28  app_w25q128.o(i.W25X40_Sector_Read)
    W25X40_Sector_Write                      0x0800454d   Thumb Code    36  app_w25q128.o(i.W25X40_Sector_Write)
    W25X40_Wait                              0x08004571   Thumb Code    42  app_w25q128.o(i.W25X40_Wait)
    W25X40_Write                             0x080045a1   Thumb Code   348  app_w25q128.o(i.W25X40_Write)
    W25X40_WriteAddress                      0x08004701   Thumb Code    30  app_w25q128.o(i.W25X40_WriteAddress)
    W25X40_WriteEN                           0x08004721   Thumb Code    34  app_w25q128.o(i.W25X40_WriteEN)
    __0printf$bare                           0x08004749   Thumb Code     8  printfb.o(i.__0printf$bare)
    __1printf$bare                           0x08004749   Thumb Code     0  printfb.o(i.__0printf$bare)
    __2printf                                0x08004749   Thumb Code     0  printfb.o(i.__0printf$bare)
    __scatterload_copy                       0x08004759   Thumb Code    14  handlers.o(i.__scatterload_copy)
    __scatterload_null                       0x08004767   Thumb Code     2  handlers.o(i.__scatterload_null)
    __scatterload_zeroinit                   0x08004769   Thumb Code    14  handlers.o(i.__scatterload_zeroinit)
    clust2sect                               0x080048b3   Thumb Code    30  ff.o(i.clust2sect)
    disk_initialize                          0x08004ce9   Thumb Code    36  diskio.o(i.disk_initialize)
    disk_ioctl                               0x08004d11   Thumb Code    24  diskio.o(i.disk_ioctl)
    disk_read                                0x08004d2d   Thumb Code    24  diskio.o(i.disk_read)
    disk_status                              0x08004d49   Thumb Code    18  diskio.o(i.disk_status)
    disk_write                               0x08004d61   Thumb Code    24  diskio.o(i.disk_write)
    f_close                                  0x08004d7d   Thumb Code    42  ff.o(i.f_close)
    f_mount                                  0x08004da9   Thumb Code    88  ff.o(i.f_mount)
    f_open                                   0x08004e05   Thumb Code   412  ff.o(i.f_open)
    f_read                                   0x08004fa5   Thumb Code   396  ff.o(i.f_read)
    f_sync                                   0x08005131   Thumb Code   184  ff.o(i.f_sync)
    fputc                                    0x08005501   Thumb Code    20  main.o(i.fputc)
    free                                     0x08005519   Thumb Code    76  malloc.o(i.free)
    get_fat                                  0x08005569   Thumb Code   194  ff.o(i.get_fat)
    get_fattime                              0x0800562b   Thumb Code     4  fatfs.o(i.get_fattime)
    main                                     0x08005721   Thumb Code   308  main.o(i.main)
    malloc                                   0x08005931   Thumb Code    92  malloc.o(i.malloc)
    put_fat                                  0x080059f3   Thumb Code   248  ff.o(i.put_fat)
    STORAGE_Inquirydata_HS                   0x08005d56   Data          36  usbd_storage_if.o(.constdata)
    MSC_Page00_Inquiry_Data                  0x08005d7a   Data           7  usbd_msc_data.o(.constdata)
    MSC_Mode_Sense6_data                     0x08005d81   Data           8  usbd_msc_data.o(.constdata)
    MSC_Mode_Sense10_data                    0x08005d89   Data           8  usbd_msc_data.o(.constdata)
    APBAHBPrescTable                         0x08005d91   Data          16  stm32f4xx_hal_rcc.o(.constdata)
    Region$$Table$$Base                      0x08005da4   Number         0  anon$$obj.o(Region$$Table)
    Region$$Table$$Limit                     0x08005dc4   Number         0  anon$$obj.o(Region$$Table)
    br                                       0x20000008   Data           4  main.o(.data)
    Jump_To_Application                      0x2000000c   Data           4  main.o(.data)
    HS_Desc                                  0x20000010   Data          28  usbd_desc.o(.data)
    USBD_LangIDDesc                          0x2000002c   Data           4  usbd_desc.o(.data)
    USBD_HS_DeviceDesc                       0x20000030   Data          18  usbd_desc.o(.data)
    USER_Driver                              0x20000044   Data          20  user_diskio.o(.data)
    USB_STATUS_REG                           0x20000058   Data           1  usbd_storage_if.o(.data)
    USBD_Storage_Interface_fops_HS           0x2000005c   Data          32  usbd_storage_if.o(.data)
    SystemCoreClock                          0x2000007c   Data           4  system_stm32f4xx.o(.data)
    USBD_MSC                                 0x20000080   Data          56  usbd_msc.o(.data)
    USBD_MSC_CfgHSDesc                       0x200000b8   Data          32  usbd_msc.o(.data)
    USBD_MSC_CfgFSDesc                       0x200000d8   Data          32  usbd_msc.o(.data)
    USBD_MSC_OtherSpeedCfgDesc               0x200000f8   Data          32  usbd_msc.o(.data)
    USBD_MSC_DeviceQualifierDesc             0x20000118   Data          10  usbd_msc.o(.data)
    uwTick                                   0x20000124   Data           4  stm32f4xx_hal.o(.data)
    __stdout                                 0x20000128   Data           4  stdout.o(.data)
    __microlib_freelist                      0x2000012c   Data           4  mvars.o(.data)
    __microlib_freelist_initialised          0x20000130   Data           4  mvars.o(.data)
    disk                                     0x20000134   Data          12  ff_gen_drv.o(.bss)
    hUsbDeviceHS                             0x20000158   Data         548  usb_device.o(.bss)
    hi2c1                                    0x2000037c   Data          68  main.o(.bss)
    hspi1                                    0x200003c0   Data          88  main.o(.bss)
    huart1                                   0x20000418   Data          64  main.o(.bss)
    fs                                       0x20000458   Data         560  main.o(.bss)
    fdst                                     0x20000688   Data         556  main.o(.bss)
    USBD_StrDesc                             0x200008b4   Data         512  usbd_desc.o(.bss)
    hpcd_USB_OTG_HS                          0x20000ab4   Data         952  usbd_conf.o(.bss)
    pFlash                                   0x20000e6c   Data          32  stm32f4xx_hal_flash.o(.bss)
    __heap_base                              0x20000e90   Data           0  startup_stm32f407xx.o(HEAP)
    __heap_limit                             0x20004e90   Data           0  startup_stm32f407xx.o(HEAP)
    __initial_sp                             0x20005090   Data           0  startup_stm32f407xx.o(STACK)



==============================================================================

Memory Map of the image

  Image Entry point : 0x08000189

  Load Region LR_IROM1 (Base: 0x08000000, Size: 0x00005ef8, Max: 0x00100000, ABSOLUTE, COMPRESSED[0x00005e74])

    Execution Region ER_IROM1 (Base: 0x08000000, Size: 0x00005dc4, Max: 0x00100000, ABSOLUTE)

    Base Addr    Size         Type   Attr      Idx    E Section Name        Object

    0x08000000   0x00000188   Data   RO            3    RESET               startup_stm32f407xx.o
    0x08000188   0x00000000   Code   RO         4536  * .ARM.Collect$$$$00000000  mc_w.l(entry.o)
    0x08000188   0x00000004   Code   RO         4831    .ARM.Collect$$$$00000001  mc_w.l(entry2.o)
    0x0800018c   0x00000004   Code   RO         4834    .ARM.Collect$$$$00000004  mc_w.l(entry5.o)
    0x08000190   0x00000000   Code   RO         4836    .ARM.Collect$$$$00000008  mc_w.l(entry7b.o)
    0x08000190   0x00000000   Code   RO         4838    .ARM.Collect$$$$0000000A  mc_w.l(entry8b.o)
    0x08000190   0x00000008   Code   RO         4839    .ARM.Collect$$$$0000000B  mc_w.l(entry9a.o)
    0x08000198   0x00000000   Code   RO         4841    .ARM.Collect$$$$0000000D  mc_w.l(entry10a.o)
    0x08000198   0x00000000   Code   RO         4843    .ARM.Collect$$$$0000000F  mc_w.l(entry11a.o)
    0x08000198   0x00000004   Code   RO         4832    .ARM.Collect$$$$00002712  mc_w.l(entry2.o)
    0x0800019c   0x00000024   Code   RO            4    .text               startup_stm32f407xx.o
    0x080001c0   0x00000024   Code   RO         4539    .text               mc_w.l(memcpya.o)
    0x080001e4   0x00000024   Code   RO         4863    .text               mc_w.l(init.o)
    0x08000208   0x00000056   Code   RO         4881    .text               mc_w.l(__dczerorl2.o)
    0x0800025e   0x00000006   Code   RO          190    i.FATFS_LinkDriver  ff_gen_drv.o
    0x08000264   0x00000040   Code   RO          191    i.FATFS_LinkDriverEx  ff_gen_drv.o
    0x080002a4   0x00000058   Code   RO         2344    i.FLASH_Erase_Sector  stm32f4xx_hal_flash_ex.o
    0x080002fc   0x00000054   Code   RO         2345    i.FLASH_FlushCaches  stm32f4xx_hal_flash_ex.o
    0x08000350   0x00000004   Code   RO          651    i.FLASH_IRQHandler  stm32f4xx_it.o
    0x08000354   0x00000020   Code   RO         2960    i.FLASH_Program_Byte  stm32f4xx_hal_flash.o
    0x08000374   0x00000028   Code   RO         2961    i.FLASH_Program_DoubleWord  stm32f4xx_hal_flash.o
    0x0800039c   0x00000024   Code   RO         2962    i.FLASH_Program_HalfWord  stm32f4xx_hal_flash.o
    0x080003c0   0x00000024   Code   RO         2963    i.FLASH_Program_Word  stm32f4xx_hal_flash.o
    0x080003e4   0x00000088   Code   RO         2964    i.FLASH_SetErrorCode  stm32f4xx_hal_flash.o
    0x0800046c   0x00000134   Code   RO         1394    i.FPGA_Init         dri_fpga.o
    0x080005a0   0x00000016   Code   RO         3487    i.HAL_Delay         stm32f4xx_hal.o
    0x080005b6   0x00000002   Code   RO         2966    i.HAL_FLASH_EndOfOperationCallback  stm32f4xx_hal_flash.o
    0x080005b8   0x000000d0   Code   RO         2968    i.HAL_FLASH_IRQHandler  stm32f4xx_hal_flash.o
    0x08000688   0x00000014   Code   RO         2969    i.HAL_FLASH_Lock    stm32f4xx_hal_flash.o
    0x0800069c   0x00000002   Code   RO         2973    i.HAL_FLASH_OperationErrorCallback  stm32f4xx_hal_flash.o
    0x0800069e   0x00000002   PAD
    0x080006a0   0x0000006c   Code   RO         2975    i.HAL_FLASH_Program_IT  stm32f4xx_hal_flash.o
    0x0800070c   0x00000028   Code   RO         2976    i.HAL_FLASH_Unlock  stm32f4xx_hal_flash.o
    0x08000734   0x000001c0   Code   RO         4040    i.HAL_GPIO_Init     stm32f4xx_hal_gpio.o
    0x080008f4   0x0000000a   Code   RO         4042    i.HAL_GPIO_ReadPin  stm32f4xx_hal_gpio.o
    0x080008fe   0x0000000a   Code   RO         4044    i.HAL_GPIO_WritePin  stm32f4xx_hal_gpio.o
    0x08000908   0x0000000c   Code   RO         3493    i.HAL_GetTick       stm32f4xx_hal.o
    0x08000914   0x00000010   Code   RO         3494    i.HAL_IncTick       stm32f4xx_hal.o
    0x08000924   0x00000034   Code   RO         3495    i.HAL_Init          stm32f4xx_hal.o
    0x08000958   0x00000022   Code   RO         3496    i.HAL_InitTick      stm32f4xx_hal.o
    0x0800097a   0x00000026   Code   RO          593    i.HAL_MspInit       stm32f4xx_hal_msp.o
    0x080009a0   0x00000016   Code   RO         3360    i.HAL_NVIC_EnableIRQ  stm32f4xx_hal_cortex.o
    0x080009b6   0x00000002   PAD
    0x080009b8   0x00000040   Code   RO         3366    i.HAL_NVIC_SetPriority  stm32f4xx_hal_cortex.o
    0x080009f8   0x00000024   Code   RO         3367    i.HAL_NVIC_SetPriorityGrouping  stm32f4xx_hal_cortex.o
    0x08000a1c   0x00000008   Code   RO         3114    i.HAL_PCDEx_SetRxFiFo  stm32f4xx_hal_pcd_ex.o
    0x08000a24   0x00000044   Code   RO         3115    i.HAL_PCDEx_SetTxFiFo  stm32f4xx_hal_pcd_ex.o
    0x08000a68   0x00000008   Code   RO          969    i.HAL_PCD_ConnectCallback  usbd_conf.o
    0x08000a70   0x00000012   Code   RO          970    i.HAL_PCD_DataInStageCallback  usbd_conf.o
    0x08000a82   0x00000014   Code   RO          971    i.HAL_PCD_DataOutStageCallback  usbd_conf.o
    0x08000a96   0x00000008   Code   RO          972    i.HAL_PCD_DisconnectCallback  usbd_conf.o
    0x08000a9e   0x00000044   Code   RO         4130    i.HAL_PCD_EP_Close  stm32f4xx_hal_pcd.o
    0x08000ae2   0x00000050   Code   RO         4131    i.HAL_PCD_EP_ClrStall  stm32f4xx_hal_pcd.o
    0x08000b32   0x00000034   Code   RO         4132    i.HAL_PCD_EP_Flush  stm32f4xx_hal_pcd.o
    0x08000b66   0x00000014   Code   RO         4133    i.HAL_PCD_EP_GetRxCount  stm32f4xx_hal_pcd.o
    0x08000b7a   0x00000054   Code   RO         4134    i.HAL_PCD_EP_Open   stm32f4xx_hal_pcd.o
    0x08000bce   0x00000002   PAD
    0x08000bd0   0x0000005e   Code   RO         4135    i.HAL_PCD_EP_Receive  stm32f4xx_hal_pcd.o
    0x08000c2e   0x00000060   Code   RO         4136    i.HAL_PCD_EP_SetStall  stm32f4xx_hal_pcd.o
    0x08000c8e   0x00000056   Code   RO         4137    i.HAL_PCD_EP_Transmit  stm32f4xx_hal_pcd.o
    0x08000ce4   0x000003fe   Code   RO         4139    i.HAL_PCD_IRQHandler  stm32f4xx_hal_pcd.o
    0x080010e2   0x00000008   Code   RO          973    i.HAL_PCD_ISOINIncompleteCallback  usbd_conf.o
    0x080010ea   0x00000008   Code   RO          974    i.HAL_PCD_ISOOUTIncompleteCallback  usbd_conf.o
    0x080010f2   0x00000002   PAD
    0x080010f4   0x000000be   Code   RO         4142    i.HAL_PCD_Init      stm32f4xx_hal_pcd.o
    0x080011b2   0x00000002   PAD
    0x080011b4   0x0000008c   Code   RO          976    i.HAL_PCD_MspInit   usbd_conf.o
    0x08001240   0x00000020   Code   RO          977    i.HAL_PCD_ResetCallback  usbd_conf.o
    0x08001260   0x00000008   Code   RO          978    i.HAL_PCD_ResumeCallback  usbd_conf.o
    0x08001268   0x00000008   Code   RO          979    i.HAL_PCD_SOFCallback  usbd_conf.o
    0x08001270   0x00000024   Code   RO         4148    i.HAL_PCD_SetAddress  stm32f4xx_hal_pcd.o
    0x08001294   0x0000000e   Code   RO          980    i.HAL_PCD_SetupStageCallback  usbd_conf.o
    0x080012a2   0x0000002a   Code   RO         4150    i.HAL_PCD_Start     stm32f4xx_hal_pcd.o
    0x080012cc   0x00000030   Code   RO          981    i.HAL_PCD_SuspendCallback  usbd_conf.o
    0x080012fc   0x00000140   Code   RO         3163    i.HAL_RCC_ClockConfig  stm32f4xx_hal_rcc.o
    0x0800143c   0x00000034   Code   RO         3168    i.HAL_RCC_GetHCLKFreq  stm32f4xx_hal_rcc.o
    0x08001470   0x0000002c   Code   RO         3170    i.HAL_RCC_GetPCLK1Freq  stm32f4xx_hal_rcc.o
    0x0800149c   0x0000002c   Code   RO         3171    i.HAL_RCC_GetPCLK2Freq  stm32f4xx_hal_rcc.o
    0x080014c8   0x00000074   Code   RO         3172    i.HAL_RCC_GetSysClockFreq  stm32f4xx_hal_rcc.o
    0x0800153c   0x000002e4   Code   RO         3175    i.HAL_RCC_OscConfig  stm32f4xx_hal_rcc.o
    0x08001820   0x0000008c   Code   RO         2012    i.HAL_SPI_Init      stm32f4xx_hal_spi.o
    0x080018ac   0x00000064   Code   RO          595    i.HAL_SPI_MspInit   stm32f4xx_hal_msp.o
    0x08001910   0x000001f8   Code   RO         2015    i.HAL_SPI_Receive   stm32f4xx_hal_spi.o
    0x08001b08   0x00000164   Code   RO         2020    i.HAL_SPI_Transmit  stm32f4xx_hal_spi.o
    0x08001c6c   0x00000202   Code   RO         2021    i.HAL_SPI_TransmitReceive  stm32f4xx_hal_spi.o
    0x08001e6e   0x00000018   Code   RO         3369    i.HAL_SYSTICK_CLKSourceConfig  stm32f4xx_hal_cortex.o
    0x08001e86   0x00000002   Code   RO         3370    i.HAL_SYSTICK_Callback  stm32f4xx_hal_cortex.o
    0x08001e88   0x00000028   Code   RO         3371    i.HAL_SYSTICK_Config  stm32f4xx_hal_cortex.o
    0x08001eb0   0x00000008   Code   RO         3372    i.HAL_SYSTICK_IRQHandler  stm32f4xx_hal_cortex.o
    0x08001eb8   0x00000062   Code   RO         2438    i.HAL_UART_Init     stm32f4xx_hal_uart.o
    0x08001f1a   0x00000002   PAD
    0x08001f1c   0x0000004c   Code   RO          597    i.HAL_UART_MspInit  stm32f4xx_hal_msp.o
    0x08001f68   0x000000aa   Code   RO         2446    i.HAL_UART_Transmit  stm32f4xx_hal_uart.o
    0x08002012   0x00000042   Code   RO         1760    i.MSC_BOT_Abort     usbd_msc_bot.o
    0x08002054   0x000000cc   Code   RO         1761    i.MSC_BOT_CBW_Decode  usbd_msc_bot.o
    0x08002120   0x0000002a   Code   RO         1762    i.MSC_BOT_CplClrFeature  usbd_msc_bot.o
    0x0800214a   0x0000003a   Code   RO         1763    i.MSC_BOT_DataIn    usbd_msc_bot.o
    0x08002184   0x0000003a   Code   RO         1764    i.MSC_BOT_DataOut   usbd_msc_bot.o
    0x080021be   0x0000000a   Code   RO         1765    i.MSC_BOT_DeInit    usbd_msc_bot.o
    0x080021c8   0x00000042   Code   RO         1766    i.MSC_BOT_Init      usbd_msc_bot.o
    0x0800220a   0x00000016   Code   RO         1767    i.MSC_BOT_Reset     usbd_msc_bot.o
    0x08002220   0x0000003c   Code   RO         1768    i.MSC_BOT_SendCSW   usbd_msc_bot.o
    0x0800225c   0x00000120   Code   RO          761    i.MX_GPIO_Init      main.o
    0x0800237c   0x00000034   Code   RO          763    i.MX_SPI1_Init      main.o
    0x080023b0   0x00000038   Code   RO          691    i.MX_USB_DEVICE_Init  usb_device.o
    0x080023e8   0x00000020   Code   RO         3373    i.NVIC_SetPriority  stm32f4xx_hal_cortex.o
    0x08002408   0x0000000c   Code   RO          652    i.OTG_HS_IRQHandler  stm32f4xx_it.o
    0x08002414   0x00000088   Code   RO         4153    i.PCD_WriteEmptyTxFifo  stm32f4xx_hal_pcd.o
    0x0800249c   0x00000022   Code   RO         1540    i.SCSI_CheckAddressRange  usbd_msc_scsi.o
    0x080024be   0x00000002   PAD
    0x080024c0   0x000001cc   Code   RO         1541    i.SCSI_ProcessCmd   usbd_msc_scsi.o
    0x0800268c   0x0000008c   Code   RO         1542    i.SCSI_ProcessRead  usbd_msc_scsi.o
    0x08002718   0x00000098   Code   RO         1543    i.SCSI_ProcessWrite  usbd_msc_scsi.o
    0x080027b0   0x000000aa   Code   RO         1544    i.SCSI_Read10       usbd_msc_scsi.o
    0x0800285a   0x00000056   Code   RO         1545    i.SCSI_ReadCapacity10  usbd_msc_scsi.o
    0x080028b0   0x0000006e   Code   RO         1546    i.SCSI_ReadFormatCapacity  usbd_msc_scsi.o
    0x0800291e   0x00000036   Code   RO         1547    i.SCSI_SenseCode    usbd_msc_scsi.o
    0x08002954   0x000000ca   Code   RO         1548    i.SCSI_Write10      usbd_msc_scsi.o
    0x08002a1e   0x00000002   PAD
    0x08002a20   0x00000020   Code   RO         1257    i.SPI1_ReadByte     dri_spi.o
    0x08002a40   0x00000018   Code   RO         1258    i.SPI1_SendByte     dri_spi.o
    0x08002a58   0x00000020   Code   RO         2036    i.SPI_CheckFlag_BSY  stm32f4xx_hal_spi.o
    0x08002a78   0x00000024   Code   RO         2037    i.SPI_CheckForDisablingSPI  stm32f4xx_hal_spi.o
    0x08002a9c   0x0000008c   Code   RO         2054    i.SPI_WaitFlagStateUntilTimeout  stm32f4xx_hal_spi.o
    0x08002b28   0x0000000e   Code   RO         1158    i.STORAGE_GetCapacity_HS  usbd_storage_if.o
    0x08002b36   0x00000004   Code   RO         1159    i.STORAGE_GetMaxLun_HS  usbd_storage_if.o
    0x08002b3a   0x00000002   PAD
    0x08002b3c   0x00000028   Code   RO         1160    i.STORAGE_Init_HS   usbd_storage_if.o
    0x08002b64   0x00000014   Code   RO         1161    i.STORAGE_IsReady_HS  usbd_storage_if.o
    0x08002b78   0x00000004   Code   RO         1162    i.STORAGE_IsWriteProtected_HS  usbd_storage_if.o
    0x08002b7c   0x0000001c   Code   RO         1163    i.STORAGE_Read_HS   usbd_storage_if.o
    0x08002b98   0x0000001c   Code   RO         1164    i.STORAGE_Write_HS  usbd_storage_if.o
    0x08002bb4   0x0000000e   Code   RO          653    i.SysTick_Handler   stm32f4xx_it.o
    0x08002bc2   0x00000002   PAD
    0x08002bc4   0x00000094   Code   RO          764    i.SystemClock_Config  main.o
    0x08002c58   0x00000054   Code   RO         1419    i.SystemInit        system_stm32f4xx.o
    0x08002cac   0x000002ac   Code   RO         2457    i.UART_SetConfig    stm32f4xx_hal_uart.o
    0x08002f58   0x00000096   Code   RO         2459    i.UART_WaitOnFlagUntilTimeout  stm32f4xx_hal_uart.o
    0x08002fee   0x0000000e   Code   RO         1830    i.USBD_ClrClassConfig  usbd_core.o
    0x08002ffc   0x00000010   Code   RO         1635    i.USBD_CtlContinueRx  usbd_ioreq.o
    0x0800300c   0x00000010   Code   RO         1636    i.USBD_CtlContinueSendData  usbd_ioreq.o
    0x0800301c   0x00000016   Code   RO         1695    i.USBD_CtlError     usbd_ctlreq.o
    0x08003032   0x00000016   Code   RO         1638    i.USBD_CtlReceiveStatus  usbd_ioreq.o
    0x08003048   0x0000001a   Code   RO         1639    i.USBD_CtlSendData  usbd_ioreq.o
    0x08003062   0x00000016   Code   RO         1640    i.USBD_CtlSendStatus  usbd_ioreq.o
    0x08003078   0x000000e0   Code   RO         1696    i.USBD_GetDescriptor  usbd_ctlreq.o
    0x08003158   0x00000046   Code   RO         1697    i.USBD_GetString    usbd_ctlreq.o
    0x0800319e   0x00000002   PAD
    0x080031a0   0x00000020   Code   RO          835    i.USBD_HS_ConfigStrDescriptor  usbd_desc.o
    0x080031c0   0x0000000c   Code   RO          836    i.USBD_HS_DeviceDescriptor  usbd_desc.o
    0x080031cc   0x00000024   Code   RO          837    i.USBD_HS_InterfaceStrDescriptor  usbd_desc.o
    0x080031f0   0x0000000c   Code   RO          838    i.USBD_HS_LangIDStrDescriptor  usbd_desc.o
    0x080031fc   0x00000028   Code   RO          839    i.USBD_HS_ManufacturerStrDescriptor  usbd_desc.o
    0x08003224   0x00000028   Code   RO          840    i.USBD_HS_ProductStrDescriptor  usbd_desc.o
    0x0800324c   0x00000024   Code   RO          841    i.USBD_HS_SerialStrDescriptor  usbd_desc.o
    0x08003270   0x0000002a   Code   RO         1832    i.USBD_Init         usbd_core.o
    0x0800329a   0x0000000e   Code   RO          982    i.USBD_LL_ClearStallEP  usbd_conf.o
    0x080032a8   0x0000000e   Code   RO          983    i.USBD_LL_CloseEP   usbd_conf.o
    0x080032b6   0x000000aa   Code   RO         1833    i.USBD_LL_DataInStage  usbd_core.o
    0x08003360   0x0000006a   Code   RO         1834    i.USBD_LL_DataOutStage  usbd_core.o
    0x080033ca   0x00000004   Code   RO         1835    i.USBD_LL_DevConnected  usbd_core.o
    0x080033ce   0x00000016   Code   RO         1836    i.USBD_LL_DevDisconnected  usbd_core.o
    0x080033e4   0x0000000e   Code   RO          986    i.USBD_LL_FlushEP   usbd_conf.o
    0x080033f2   0x00000008   Code   RO          987    i.USBD_LL_GetRxDataSize  usbd_conf.o
    0x080033fa   0x00000002   PAD
    0x080033fc   0x00000068   Code   RO          988    i.USBD_LL_Init      usbd_conf.o
    0x08003464   0x00000020   Code   RO          989    i.USBD_LL_IsStallEP  usbd_conf.o
    0x08003484   0x00000004   Code   RO         1837    i.USBD_LL_IsoINIncomplete  usbd_core.o
    0x08003488   0x00000004   Code   RO         1838    i.USBD_LL_IsoOUTIncomplete  usbd_core.o
    0x0800348c   0x00000014   Code   RO          990    i.USBD_LL_OpenEP    usbd_conf.o
    0x080034a0   0x0000000e   Code   RO          991    i.USBD_LL_PrepareReceive  usbd_conf.o
    0x080034ae   0x0000003e   Code   RO         1839    i.USBD_LL_Reset     usbd_core.o
    0x080034ec   0x0000000c   Code   RO         1840    i.USBD_LL_Resume    usbd_core.o
    0x080034f8   0x00000018   Code   RO         1841    i.USBD_LL_SOF       usbd_core.o
    0x08003510   0x00000006   Code   RO         1842    i.USBD_LL_SetSpeed  usbd_core.o
    0x08003516   0x0000000e   Code   RO          992    i.USBD_LL_SetUSBAddress  usbd_conf.o
    0x08003524   0x0000005a   Code   RO         1843    i.USBD_LL_SetupStage  usbd_core.o
    0x0800357e   0x0000000e   Code   RO          993    i.USBD_LL_StallEP   usbd_conf.o
    0x0800358c   0x0000000e   Code   RO          994    i.USBD_LL_Start     usbd_conf.o
    0x0800359a   0x00000012   Code   RO         1844    i.USBD_LL_Suspend   usbd_core.o
    0x080035ac   0x0000000e   Code   RO          996    i.USBD_LL_Transmit  usbd_conf.o
    0x080035ba   0x0000000a   Code   RO         1455    i.USBD_MSC_DataIn   usbd_msc.o
    0x080035c4   0x0000000a   Code   RO         1456    i.USBD_MSC_DataOut  usbd_msc.o
    0x080035ce   0x0000002c   Code   RO         1457    i.USBD_MSC_DeInit   usbd_msc.o
    0x080035fa   0x00000002   PAD
    0x080035fc   0x0000000c   Code   RO         1458    i.USBD_MSC_GetDeviceQualifierDescriptor  usbd_msc.o
    0x08003608   0x0000000c   Code   RO         1459    i.USBD_MSC_GetFSCfgDesc  usbd_msc.o
    0x08003614   0x0000000c   Code   RO         1460    i.USBD_MSC_GetHSCfgDesc  usbd_msc.o
    0x08003620   0x0000000c   Code   RO         1461    i.USBD_MSC_GetOtherSpeedCfgDesc  usbd_msc.o
    0x0800362c   0x00000052   Code   RO         1462    i.USBD_MSC_Init     usbd_msc.o
    0x0800367e   0x0000000a   Code   RO         1463    i.USBD_MSC_RegisterStorage  usbd_msc.o
    0x08003688   0x000000c2   Code   RO         1464    i.USBD_MSC_Setup    usbd_msc.o
    0x0800374a   0x00000028   Code   RO         1698    i.USBD_ParseSetupRequest  usbd_ctlreq.o
    0x08003772   0x00000010   Code   RO         1845    i.USBD_RegisterClass  usbd_core.o
    0x08003782   0x00000016   Code   RO         1847    i.USBD_SetClassConfig  usbd_core.o
    0x08003798   0x00000074   Code   RO         1699    i.USBD_SetConfig    usbd_ctlreq.o
    0x0800380c   0x0000000a   Code   RO         1848    i.USBD_Start        usbd_core.o
    0x08003816   0x000000f2   Code   RO         1700    i.USBD_StdDevReq    usbd_ctlreq.o
    0x08003908   0x000000dc   Code   RO         1701    i.USBD_StdEPReq     usbd_ctlreq.o
    0x080039e4   0x00000034   Code   RO         1702    i.USBD_StdItfReq    usbd_ctlreq.o
    0x08003a18   0x00000080   Code   RO         2678    i.USB_ActivateEndpoint  stm32f4xx_ll_usb.o
    0x08003a98   0x00000034   Code   RO         2679    i.USB_ActivateSetup  stm32f4xx_ll_usb.o
    0x08003acc   0x0000006c   Code   RO         2681    i.USB_CoreInit      stm32f4xx_ll_usb.o
    0x08003b38   0x00000038   Code   RO         2682    i.USB_CoreReset     stm32f4xx_ll_usb.o
    0x08003b70   0x0000006e   Code   RO         2684    i.USB_DeactivateEndpoint  stm32f4xx_ll_usb.o
    0x08003bde   0x00000018   Code   RO         2685    i.USB_DevConnect    stm32f4xx_ll_usb.o
    0x08003bf6   0x00000018   Code   RO         2686    i.USB_DevDisconnect  stm32f4xx_ll_usb.o
    0x08003c0e   0x00000002   PAD
    0x08003c10   0x00000144   Code   RO         2687    i.USB_DevInit       stm32f4xx_ll_usb.o
    0x08003d54   0x0000000c   Code   RO         2688    i.USB_DisableGlobalInt  stm32f4xx_ll_usb.o
    0x08003d60   0x00000140   Code   RO         2691    i.USB_EP0StartXfer  stm32f4xx_ll_usb.o
    0x08003ea0   0x0000003e   Code   RO         2692    i.USB_EP0_OutStart  stm32f4xx_ll_usb.o
    0x08003ede   0x00000064   Code   RO         2693    i.USB_EPClearStall  stm32f4xx_ll_usb.o
    0x08003f42   0x0000005e   Code   RO         2694    i.USB_EPSetStall    stm32f4xx_ll_usb.o
    0x08003fa0   0x0000021c   Code   RO         2695    i.USB_EPStartXfer   stm32f4xx_ll_usb.o
    0x080041bc   0x0000000c   Code   RO         2696    i.USB_EnableGlobalInt  stm32f4xx_ll_usb.o
    0x080041c8   0x00000020   Code   RO         2697    i.USB_FlushRxFifo   stm32f4xx_ll_usb.o
    0x080041e8   0x00000024   Code   RO         2698    i.USB_FlushTxFifo   stm32f4xx_ll_usb.o
    0x0800420c   0x0000003c   Code   RO         2700    i.USB_GetDevSpeed   stm32f4xx_ll_usb.o
    0x08004248   0x00000008   Code   RO         2702    i.USB_GetMode       stm32f4xx_ll_usb.o
    0x08004250   0x0000000e   Code   RO         2709    i.USB_ReadDevAllInEpInterrupt  stm32f4xx_ll_usb.o
    0x0800425e   0x0000000e   Code   RO         2710    i.USB_ReadDevAllOutEpInterrupt  stm32f4xx_ll_usb.o
    0x0800426c   0x0000001e   Code   RO         2711    i.USB_ReadDevInEPInterrupt  stm32f4xx_ll_usb.o
    0x0800428a   0x00000010   Code   RO         2712    i.USB_ReadDevOutEPInterrupt  stm32f4xx_ll_usb.o
    0x0800429a   0x00000008   Code   RO         2713    i.USB_ReadInterrupts  stm32f4xx_ll_usb.o
    0x080042a2   0x00000020   Code   RO         2714    i.USB_ReadPacket    stm32f4xx_ll_usb.o
    0x080042c2   0x0000002c   Code   RO         2716    i.USB_SetCurrentMode  stm32f4xx_ll_usb.o
    0x080042ee   0x00000022   Code   RO         2717    i.USB_SetDevAddress  stm32f4xx_ll_usb.o
    0x08004310   0x00000028   Code   RO         2721    i.USB_WritePacket   stm32f4xx_ll_usb.o
    0x08004338   0x00000018   Code   RO          903    i.USER_initialize   user_diskio.o
    0x08004350   0x00000024   Code   RO          904    i.USER_ioctl        user_diskio.o
    0x08004374   0x00000028   Code   RO          905    i.USER_read         user_diskio.o
    0x0800439c   0x00000018   Code   RO          906    i.USER_status       user_diskio.o
    0x080043b4   0x00000044   Code   RO          907    i.USER_write        user_diskio.o
    0x080043f8   0x00000060   Code   RO         1290    i.W25X40_Init       app_w25q128.o
    0x08004458   0x00000050   Code   RO         1292    i.W25X40_Read       app_w25q128.o
    0x080044a8   0x00000088   Code   RO         1293    i.W25X40_Sector_Erase  app_w25q128.o
    0x08004530   0x0000001c   Code   RO         1294    i.W25X40_Sector_Read  app_w25q128.o
    0x0800454c   0x00000024   Code   RO         1295    i.W25X40_Sector_Write  app_w25q128.o
    0x08004570   0x00000030   Code   RO         1296    i.W25X40_Wait       app_w25q128.o
    0x080045a0   0x00000160   Code   RO         1297    i.W25X40_Write      app_w25q128.o
    0x08004700   0x0000001e   Code   RO         1298    i.W25X40_WriteAddress  app_w25q128.o
    0x0800471e   0x00000002   PAD
    0x08004720   0x00000028   Code   RO         1300    i.W25X40_WriteEN    app_w25q128.o
    0x08004748   0x00000010   Code   RO         4544    i.__0printf$bare    mc_w.l(printfb.o)
    0x08004758   0x0000000e   Code   RO         4875    i.__scatterload_copy  mc_w.l(handlers.o)
    0x08004766   0x00000002   Code   RO         4876    i.__scatterload_null  mc_w.l(handlers.o)
    0x08004768   0x0000000e   Code   RO         4877    i.__scatterload_zeroinit  mc_w.l(handlers.o)
    0x08004776   0x00000022   Code   RO         4551    i._printf_core      mc_w.l(printfb.o)
    0x08004798   0x00000060   Code   RO          240    i.check_fs          ff.o
    0x080047f8   0x0000006c   Code   RO          241    i.chk_lock          ff.o
    0x08004864   0x00000024   Code   RO          242    i.clear_lock        ff.o
    0x08004888   0x0000002a   Code   RO          243    i.clmt_clust        ff.o
    0x080048b2   0x0000001e   Code   RO          244    i.clust2sect        ff.o
    0x080048d0   0x000000b0   Code   RO          245    i.create_chain      ff.o
    0x08004980   0x00000100   Code   RO          246    i.create_name       ff.o
    0x08004a80   0x0000003c   Code   RO          247    i.dec_lock          ff.o
    0x08004abc   0x0000011e   Code   RO          248    i.dir_next          ff.o
    0x08004bda   0x00000076   Code   RO          250    i.dir_register      ff.o
    0x08004c50   0x00000098   Code   RO          252    i.dir_sdi           ff.o
    0x08004ce8   0x00000028   Code   RO           13    i.disk_initialize   diskio.o
    0x08004d10   0x0000001c   Code   RO           14    i.disk_ioctl        diskio.o
    0x08004d2c   0x0000001c   Code   RO           15    i.disk_read         diskio.o
    0x08004d48   0x00000018   Code   RO           16    i.disk_status       diskio.o
    0x08004d60   0x0000001c   Code   RO           17    i.disk_write        diskio.o
    0x08004d7c   0x0000002a   Code   RO          254    i.f_close           ff.o
    0x08004da6   0x00000002   PAD
    0x08004da8   0x0000005c   Code   RO          261    i.f_mount           ff.o
    0x08004e04   0x000001a0   Code   RO          262    i.f_open            ff.o
    0x08004fa4   0x0000018c   Code   RO          267    i.f_read            ff.o
    0x08005130   0x000000b8   Code   RO          271    i.f_sync            ff.o
    0x080051e8   0x00000258   Code   RO          276    i.find_volume       ff.o
    0x08005440   0x000000c0   Code   RO          277    i.follow_path       ff.o
    0x08005500   0x00000018   Code   RO          765    i.fputc             main.o
    0x08005518   0x00000050   Code   RO         4803    i.free              mc_w.l(malloc.o)
    0x08005568   0x000000c2   Code   RO          278    i.get_fat           ff.o
    0x0800562a   0x00000004   Code   RO         1222    i.get_fattime       fatfs.o
    0x0800562e   0x0000003c   Code   RO          280    i.get_ldnumber      ff.o
    0x0800566a   0x00000002   PAD
    0x0800566c   0x000000a0   Code   RO          281    i.inc_lock          ff.o
    0x0800570c   0x00000014   Code   RO          282    i.ld_clust          ff.o
    0x08005720   0x00000210   Code   RO          766    i.main              main.o
    0x08005930   0x0000006c   Code   RO         4804    i.malloc            mc_w.l(malloc.o)
    0x0800599c   0x00000012   Code   RO          283    i.mem_cpy           ff.o
    0x080059ae   0x0000000e   Code   RO          284    i.mem_set           ff.o
    0x080059bc   0x00000036   Code   RO          285    i.move_window       ff.o
    0x080059f2   0x000000f8   Code   RO          286    i.put_fat           ff.o
    0x08005aea   0x0000006e   Code   RO          288    i.remove_chain      ff.o
    0x08005b58   0x00000010   Code   RO          289    i.st_clust          ff.o
    0x08005b68   0x000000b6   Code   RO          290    i.sync_fs           ff.o
    0x08005c1e   0x00000060   Code   RO          291    i.sync_window       ff.o
    0x08005c7e   0x0000002c   Code   RO          292    i.validate          ff.o
    0x08005caa   0x000000ac   Data   RO          294    .constdata          ff.o
    0x08005d56   0x00000024   Data   RO         1165    .constdata          usbd_storage_if.o
    0x08005d7a   0x00000007   Data   RO         1609    .constdata          usbd_msc_data.o
    0x08005d81   0x00000008   Data   RO         1610    .constdata          usbd_msc_data.o
    0x08005d89   0x00000008   Data   RO         1611    .constdata          usbd_msc_data.o
    0x08005d91   0x00000010   Data   RO         3176    .constdata          stm32f4xx_hal_rcc.o
    0x08005da1   0x00000003   PAD
    0x08005da4   0x00000020   Data   RO         4873    Region$$Table       anon$$obj.o


    Execution Region RW_IRAM1 (Base: 0x20000000, Size: 0x00005090, Max: 0x00020000, ABSOLUTE, COMPRESSED[0x000000b0])

    Base Addr    Size         Type   Attr      Idx    E Section Name        Object

    0x20000000   0x00000008   Data   RW          295    .data               ff.o
    0x20000008   0x00000008   Data   RW          768    .data               main.o
    0x20000010   0x0000001c   Data   RW          843    .data               usbd_desc.o
    0x2000002c   0x00000016   Data   RW          844    .data               usbd_desc.o
    0x20000042   0x00000001   Data   RW          908    .data               user_diskio.o
    0x20000043   0x00000001   PAD
    0x20000044   0x00000014   Data   RW          909    .data               user_diskio.o
    0x20000058   0x00000001   Data   RW         1166    .data               usbd_storage_if.o
    0x20000059   0x00000003   PAD
    0x2000005c   0x00000020   Data   RW         1167    .data               usbd_storage_if.o
    0x2000007c   0x00000004   Data   RW         1421    .data               system_stm32f4xx.o
    0x20000080   0x00000038   Data   RW         1465    .data               usbd_msc.o
    0x200000b8   0x0000006a   Data   RW         1466    .data               usbd_msc.o
    0x20000122   0x00000001   Data   RW         1703    .data               usbd_ctlreq.o
    0x20000123   0x00000001   PAD
    0x20000124   0x00000004   Data   RW         3501    .data               stm32f4xx_hal.o
    0x20000128   0x00000004   Data   RW         4845    .data               mc_w.l(stdout.o)
    0x2000012c   0x00000004   Data   RW         4850    .data               mc_w.l(mvars.o)
    0x20000130   0x00000004   Data   RW         4851    .data               mc_w.l(mvars.o)
    0x20000134   0x0000000c   Zero   RW          194    .bss                ff_gen_drv.o
    0x20000140   0x00000018   Zero   RW          293    .bss                ff.o
    0x20000158   0x00000224   Zero   RW          692    .bss                usb_device.o
    0x2000037c   0x00000538   Zero   RW          767    .bss                main.o
    0x200008b4   0x00000200   Zero   RW          842    .bss                usbd_desc.o
    0x20000ab4   0x000003b8   Zero   RW          997    .bss                usbd_conf.o
    0x20000e6c   0x00000020   Zero   RW         2977    .bss                stm32f4xx_hal_flash.o
    0x20000e8c   0x00000004   PAD
    0x20000e90   0x00004000   Zero   RW            2    HEAP                startup_stm32f407xx.o
    0x20004e90   0x00000200   Zero   RW            1    STACK               startup_stm32f407xx.o


==============================================================================

Image component sizes


      Code (inc. data)   RO Data    RW Data    ZI Data      Debug   Object Name

       846         44          0          0          0       6627   app_w25q128.o
       148         22          0          0          0     381117   diskio.o
       308         30          0          0          0       1264   dri_fpga.o
        56         10          0          0          0       1056   dri_spi.o
         4          0          0          0          0        470   fatfs.o
      4498         70        172          8         24      33273   ff.o
        70          4          0          0         12       1683   ff_gen_drv.o
      1040        268          0          8       1336      10044   main.o
        36          8        392          0      16896        852   startup_stm32f407xx.o
       136         16          0          4          0       4315   stm32f4xx_hal.o
       228         14          0          0          0      32293   stm32f4xx_hal_cortex.o
       660         68          0          0         32       7929   stm32f4xx_hal_flash.o
       172          8          0          0          0       1365   stm32f4xx_hal_flash_ex.o
       468         50          0          0          0       3251   stm32f4xx_hal_gpio.o
       214         30          0          0          0       2235   stm32f4xx_hal_msp.o
      2006          0          0          0          0      12244   stm32f4xx_hal_pcd.o
        76          0          0          0          0       1900   stm32f4xx_hal_pcd_ex.o
      1316         68         16          0          0       6035   stm32f4xx_hal_rcc.o
      1722          0          0          0          0       7598   stm32f4xx_hal_spi.o
      1102          8          0          0          0       4200   stm32f4xx_hal_uart.o
        30          6          0          0          0       1461   stm32f4xx_it.o
      2334         52          0          0          0      20708   stm32f4xx_ll_usb.o
        84         18          0          4          0       1389   system_stm32f4xx.o
        56         18          0          0        548      10289   usb_device.o
       596         36          0          0        952      14796   usbd_conf.o
       626          0          0          0          0      12314   usbd_core.o
       986         30          0          1          0       8148   usbd_ctlreq.o
       208        112          0         50        512       5295   usbd_desc.o
       102          0          0          0          0       3904   usbd_ioreq.o
       398         16          0        162          0       9616   usbd_msc.o
       586         12          0          0          0       7505   usbd_msc_bot.o
         0          0         23          0          0        889   usbd_msc_data.o
      1408         12          0          0          0      10775   usbd_msc_scsi.o
       138         42         36         33          0       4739   usbd_storage_if.o
       192         26          0         21          0       5076   user_diskio.o

    ----------------------------------------------------------------------
     22884       1098        674        296      20316     636655   Object Totals
         0          0         32          0          0          0   (incl. Generated)
        34          0          3          5          4          0   (incl. Padding)

    ----------------------------------------------------------------------

      Code (inc. data)   RO Data    RW Data    ZI Data      Debug   Library Member Name

        86          0          0          0          0          0   __dczerorl2.o
         0          0          0          0          0          0   entry.o
         0          0          0          0          0          0   entry10a.o
         0          0          0          0          0          0   entry11a.o
         8          4          0          0          0          0   entry2.o
         4          0          0          0          0          0   entry5.o
         0          0          0          0          0          0   entry7b.o
         0          0          0          0          0          0   entry8b.o
         8          4          0          0          0          0   entry9a.o
        30          0          0          0          0          0   handlers.o
        36          8          0          0          0         68   init.o
       188         20          0          0          0        160   malloc.o
        36          0          0          0          0         68   memcpya.o
         0          0          0          8          0          0   mvars.o
        50          8          0          0          0        152   printfb.o
         0          0          0          4          0          0   stdout.o

    ----------------------------------------------------------------------
       446         44          0         12          0        448   Library Totals
         0          0          0          0          0          0   (incl. Padding)

    ----------------------------------------------------------------------

      Code (inc. data)   RO Data    RW Data    ZI Data      Debug   Library Name

       446         44          0         12          0        448   mc_w.l

    ----------------------------------------------------------------------
       446         44          0         12          0        448   Library Totals

    ----------------------------------------------------------------------

==============================================================================


      Code (inc. data)   RO Data    RW Data    ZI Data      Debug   

     23330       1142        674        308      20316     612431   Grand Totals
     23330       1142        674        176      20316     612431   ELF Image Totals (compressed)
     23330       1142        674        176          0          0   ROM Totals

==============================================================================

    Total RO  Size (Code + RO Data)                24004 (  23.44kB)
    Total RW  Size (RW Data + ZI Data)             20624 (  20.14kB)
    Total ROM Size (Code + RO Data + RW Data)      24180 (  23.61kB)

==============================================================================

